Component: ARM Compiler 5.05 update 1 (build 106) Tool: armlink [4d0efa]

==============================================================================

Section Cross References

    startup_stm32f103xe.o(RESET) refers to startup_stm32f103xe.o(STACK) for __initial_sp
    startup_stm32f103xe.o(RESET) refers to startup_stm32f103xe.o(.text) for Reset_Handler
    startup_stm32f103xe.o(RESET) refers to stm32f1xx_it.o(i.NMI_Handler) for NMI_Handler
    startup_stm32f103xe.o(RESET) refers to stm32f1xx_it.o(i.HardFault_Handler) for HardFault_Handler
    startup_stm32f103xe.o(RESET) refers to stm32f1xx_it.o(i.MemManage_Handler) for MemManage_Handler
    startup_stm32f103xe.o(RESET) refers to stm32f1xx_it.o(i.BusFault_Handler) for BusFault_Handler
    startup_stm32f103xe.o(RESET) refers to stm32f1xx_it.o(i.UsageFault_Handler) for UsageFault_Handler
    startup_stm32f103xe.o(RESET) refers to port.o(.emb_text) for SVC_Handler
    startup_stm32f103xe.o(RESET) refers to stm32f1xx_it.o(i.DebugMon_Handler) for DebugMon_Handler
    startup_stm32f103xe.o(RESET) refers to port.o(i.SysTick_Handler) for SysTick_Handler
    startup_stm32f103xe.o(RESET) refers to stm32f1xx_it.o(i.DMA1_Channel2_IRQHandler) for DMA1_Channel2_IRQHandler
    startup_stm32f103xe.o(RESET) refers to stm32f1xx_it.o(i.DMA1_Channel3_IRQHandler) for DMA1_Channel3_IRQHandler
    startup_stm32f103xe.o(RESET) refers to stm32f1xx_it.o(i.DMA1_Channel4_IRQHandler) for DMA1_Channel4_IRQHandler
    startup_stm32f103xe.o(RESET) refers to stm32f1xx_it.o(i.DMA1_Channel5_IRQHandler) for DMA1_Channel5_IRQHandler
    startup_stm32f103xe.o(RESET) refers to stm32f1xx_it.o(i.USART1_IRQHandler) for USART1_IRQHandler
    startup_stm32f103xe.o(RESET) refers to stm32f1xx_it.o(i.USART3_IRQHandler) for USART3_IRQHandler
    startup_stm32f103xe.o(RESET) refers to stm32f1xx_it.o(i.UART4_IRQHandler) for UART4_IRQHandler
    startup_stm32f103xe.o(RESET) refers to stm32f1xx_it.o(i.TIM6_IRQHandler) for TIM6_IRQHandler
    startup_stm32f103xe.o(RESET) refers to stm32f1xx_it.o(i.DMA2_Channel3_IRQHandler) for DMA2_Channel3_IRQHandler
    startup_stm32f103xe.o(RESET) refers to stm32f1xx_it.o(i.DMA2_Channel4_5_IRQHandler) for DMA2_Channel4_5_IRQHandler
    startup_stm32f103xe.o(.text) refers to system_stm32f1xx.o(i.SystemInit) for SystemInit
    startup_stm32f103xe.o(.text) refers to entry.o(.ARM.Collect$$$$00000000) for __main
    servo.o(i.demo_group) refers to heap_4.o(i.pvPortMalloc) for pvPortMalloc
    servo.o(i.demo_group) refers to memseta.o(.text) for __aeabi_memclr
    servo.o(i.demo_group) refers to w25qxx.o(i.W25qxx_ReadSector) for W25qxx_ReadSector
    servo.o(i.demo_group) refers to memcpya.o(.text) for __aeabi_memcpy
    servo.o(i.demo_group) refers to cmsis_os2.o(i.osEventFlagsSet) for osEventFlagsSet
    servo.o(i.demo_group) refers to cmsis_os2.o(i.osDelay) for osDelay
    servo.o(i.demo_group) refers to heap_4.o(i.vPortFree) for vPortFree
    servo.o(i.demo_group) refers to freertos.o(.data) for newSignalHandle
    servo.o(i.demo_group) refers to freertos.o(.bss) for actGroupToRun
    i2c_sim.o(i.I2C_ACK) refers to i2c_sim.o(i.I2C_SDA_OUT) for I2C_SDA_OUT
    i2c_sim.o(i.I2C_ACK) refers to stm32f1xx_hal_gpio.o(i.HAL_GPIO_WritePin) for HAL_GPIO_WritePin
    i2c_sim.o(i.I2C_GetACK) refers to i2c_sim.o(i.I2C_SDA_IN) for I2C_SDA_IN
    i2c_sim.o(i.I2C_GetACK) refers to stm32f1xx_hal_gpio.o(i.HAL_GPIO_WritePin) for HAL_GPIO_WritePin
    i2c_sim.o(i.I2C_GetACK) refers to stm32f1xx_hal_gpio.o(i.HAL_GPIO_ReadPin) for HAL_GPIO_ReadPin
    i2c_sim.o(i.I2C_Init) refers to stm32f1xx_hal_gpio.o(i.HAL_GPIO_Init) for HAL_GPIO_Init
    i2c_sim.o(i.I2C_Init) refers to stm32f1xx_hal_gpio.o(i.HAL_GPIO_WritePin) for HAL_GPIO_WritePin
    i2c_sim.o(i.I2C_NACK) refers to i2c_sim.o(i.I2C_SDA_OUT) for I2C_SDA_OUT
    i2c_sim.o(i.I2C_NACK) refers to stm32f1xx_hal_gpio.o(i.HAL_GPIO_WritePin) for HAL_GPIO_WritePin
    i2c_sim.o(i.I2C_ReadByte) refers to i2c_sim.o(i.I2C_SDA_IN) for I2C_SDA_IN
    i2c_sim.o(i.I2C_ReadByte) refers to stm32f1xx_hal_gpio.o(i.HAL_GPIO_WritePin) for HAL_GPIO_WritePin
    i2c_sim.o(i.I2C_ReadByte) refers to stm32f1xx_hal_gpio.o(i.HAL_GPIO_ReadPin) for HAL_GPIO_ReadPin
    i2c_sim.o(i.I2C_ReadByte) refers to i2c_sim.o(i.I2C_ACK) for I2C_ACK
    i2c_sim.o(i.I2C_ReadByte) refers to i2c_sim.o(i.I2C_NACK) for I2C_NACK
    i2c_sim.o(i.I2C_SDA_IN) refers to stm32f1xx_hal_gpio.o(i.HAL_GPIO_Init) for HAL_GPIO_Init
    i2c_sim.o(i.I2C_SDA_OUT) refers to stm32f1xx_hal_gpio.o(i.HAL_GPIO_Init) for HAL_GPIO_Init
    i2c_sim.o(i.I2C_SendByte) refers to i2c_sim.o(i.I2C_SDA_OUT) for I2C_SDA_OUT
    i2c_sim.o(i.I2C_SendByte) refers to stm32f1xx_hal_gpio.o(i.HAL_GPIO_WritePin) for HAL_GPIO_WritePin
    i2c_sim.o(i.I2C_SendByte) refers to i2c_sim.o(i.I2C_GetACK) for I2C_GetACK
    i2c_sim.o(i.I2C_Start) refers to i2c_sim.o(i.I2C_SDA_OUT) for I2C_SDA_OUT
    i2c_sim.o(i.I2C_Start) refers to stm32f1xx_hal_gpio.o(i.HAL_GPIO_WritePin) for HAL_GPIO_WritePin
[...]
    USB_HP_CAN1_TX_IRQHandler                0x080001f7   Thumb Code     0  startup_stm32f103xe.o(.text)
    USB_LP_CAN1_RX0_IRQHandler               0x080001f7   Thumb Code     0  startup_stm32f103xe.o(.text)
    WWDG_IRQHandler                          0x080001f7   Thumb Code     0  startup_stm32f103xe.o(.text)
    __aeabi_llsr                             0x08000201   Thumb Code    32  llushr.o(.text)
    _ll_ushift_r                             0x08000201   Thumb Code     0  llushr.o(.text)
    __aeabi_memcpy                           0x08000221   Thumb Code    36  memcpya.o(.text)
    __aeabi_memcpy4                          0x08000221   Thumb Code     0  memcpya.o(.text)
    __aeabi_memcpy8                          0x08000221   Thumb Code     0  memcpya.o(.text)
    __aeabi_memset                           0x08000245   Thumb Code    14  memseta.o(.text)
    __aeabi_memset4                          0x08000245   Thumb Code     0  memseta.o(.text)
    __aeabi_memset8                          0x08000245   Thumb Code     0  memseta.o(.text)
    __aeabi_memclr                           0x08000253   Thumb Code     4  memseta.o(.text)
    __aeabi_memclr4                          0x08000253   Thumb Code     0  memseta.o(.text)
    __aeabi_memclr8                          0x08000253   Thumb Code     0  memseta.o(.text)
    memset                                   0x08000257   Thumb Code    18  memseta.o(.text)
    strstr                                   0x08000269   Thumb Code    36  strstr.o(.text)
    strlen                                   0x0800028d   Thumb Code    14  strlen.o(.text)
    strcmp                                   0x0800029b   Thumb Code    28  strcmp.o(.text)
    strcpy                                   0x080002b7   Thumb Code    18  strcpy.o(.text)
    strncmp                                  0x080002c9   Thumb Code    30  strncmp.o(.text)
    __0sscanf                                0x080002e9   Thumb Code    48  __0sscanf.o(.text)
    _scanf_int                               0x08000321   Thumb Code   332  _scanf_int.o(.text)
    _scanf_real                              0x0800056d   Thumb Code     0  scanf_fp.o(.text)
    _scanf_really_real                       0x0800056d   Thumb Code   556  scanf_fp.o(.text)
    atoi                                     0x080007a5   Thumb Code    26  atoi.o(.text)
    __aeabi_dadd                             0x080007bf   Thumb Code   322  dadd.o(.text)
    __aeabi_dsub                             0x08000901   Thumb Code     6  dadd.o(.text)
    __aeabi_drsub                            0x08000907   Thumb Code     6  dadd.o(.text)
    __ARM_scalbn                             0x0800090d   Thumb Code    46  dscalb.o(.text)
    scalbn                                   0x0800090d   Thumb Code     0  dscalb.o(.text)
    __aeabi_d2iz                             0x0800093b   Thumb Code    62  dfixi.o(.text)
    __aeabi_cdcmpeq                          0x08000979   Thumb Code     0  cdcmple.o(.text)
    __aeabi_cdcmple                          0x08000979   Thumb Code    48  cdcmple.o(.text)
    __aeabi_cdrcmple                         0x080009a9   Thumb Code    48  cdrcmple.o(.text)
    __aeabi_uidiv                            0x080009d9   Thumb Code     0  uidiv.o(.text)
    __aeabi_uidivmod                         0x080009d9   Thumb Code    44  uidiv.o(.text)
    __aeabi_uldivmod                         0x08000a05   Thumb Code    98  uldiv.o(.text)
    __aeabi_llsl                             0x08000a67   Thumb Code    30  llshl.o(.text)
    _ll_shift_l                              0x08000a67   Thumb Code     0  llshl.o(.text)
    __aeabi_lasr                             0x08000a85   Thumb Code    36  llsshr.o(.text)
    _ll_sshift_r                             0x08000a85   Thumb Code     0  llsshr.o(.text)
    _chval                                   0x08000aa9   Thumb Code    28  _chval.o(.text)
    __vfscanf_char                           0x08000ad1   Thumb Code    20  scanf_char.o(.text)
    _sgetc                                   0x08000aed   Thumb Code    30  _sgetc.o(.text)
    _sbackspace                              0x08000b0b   Thumb Code    34  _sgetc.o(.text)
    __strtod_int                             0x08000b63   Thumb Code    88  strtod.o(.text)
    strtol                                   0x08000bc9   Thumb Code   112  strtol.o(.text)
    __I$use$fp                               0x08000c39   Thumb Code     0  iusefp.o(.text)
    _double_round                            0x08000c39   Thumb Code    30  depilogue.o(.text)
    _double_epilogue                         0x08000c57   Thumb Code   156  depilogue.o(.text)
    __aeabi_dmul                             0x08000cf3   Thumb Code   228  dmul.o(.text)
    __aeabi_ddiv                             0x08000dd7   Thumb Code   222  ddiv.o(.text)
    __aeabi_ul2d                             0x08000eb5   Thumb Code    24  dfltul.o(.text)
    __aeabi_d2ulz                            0x08000ecd   Thumb Code    48  dfixul.o(.text)
    __aeabi_d2f                              0x08000efd   Thumb Code    56  d2f.o(.text)
    __scatterload                            0x08000f35   Thumb Code    28  init.o(.text)
    __scatterload_rt2                        0x08000f35   Thumb Code     0  init.o(.text)
    __rt_ctype_table                         0x08000f59   Thumb Code     4  ctype_o.o(.text)
    isspace                                  0x08000f61   Thumb Code    18  isspace_o.o(.text)
    __vfscanf                                0x08000f75   Thumb Code   808  _scanf.o(.text)
    _strtoul                                 0x080012a1   Thumb Code   158  _strtoul.o(.text)
    _float_round                             0x0800133f   Thumb Code    18  fepilogue.o(.text)
    _float_epilogue                          0x08001351   Thumb Code    92  fepilogue.o(.text)
    BusFault_Handler                         0x080013ad   Thumb Code     2  stm32f1xx_it.o(i.BusFault_Handler)
    DMA1_Channel2_IRQHandler                 0x080013b1   Thumb Code     6  stm32f1xx_it.o(i.DMA1_Channel2_IRQHandler)
    DMA1_Channel3_IRQHandler                 0x080013bd   Thumb Code     6  stm32f1xx_it.o(i.DMA1_Channel3_IRQHandler)
    DMA1_Channel4_IRQHandler                 0x080013c9   Thumb Code     6  stm32f1xx_it.o(i.DMA1_Channel4_IRQHandler)
    DMA1_Channel5_IRQHandler                 0x080013d5   Thumb Code     6  stm32f1xx_it.o(i.DMA1_Channel5_IRQHandler)
    DMA2_Channel3_IRQHandler                 0x080013e1   Thumb Code     6  stm32f1xx_it.o(i.DMA2_Channel3_IRQHandler)
    DMA2_Channel4_5_IRQHandler               0x080013ed   Thumb Code     6  stm32f1xx_it.o(i.DMA2_Channel4_5_IRQHandler)
    DebugMon_Handler                         0x08001423   Thumb Code     2  stm32f1xx_it.o(i.DebugMon_Handler)
    Error_Handler                            0x08001425   Thumb Code     4  main.o(i.Error_Handler)
    Esp8266_Init                             0x08001429   Thumb Code   834  esp8266.o(i.Esp8266_Init)
    Get_Info                                 0x080018f5   Thumb Code  1838  community.o(i.Get_Info)
    Get_Uart_Data                            0x080020c1   Thumb Code    26  usart.o(i.Get_Uart_Data)
    Getnext                                  0x080020ed   Thumb Code    62  kmp.o(i.Getnext)
    HAL_DMA_Abort_IT                         0x0800212d   Thumb Code   296  stm32f1xx_hal_dma.o(i.HAL_DMA_Abort_IT)
    HAL_DMA_IRQHandler                       0x0800225d   Thumb Code   552  stm32f1xx_hal_dma.o(i.HAL_DMA_IRQHandler)
    HAL_DMA_Init                             0x080024a5   Thumb Code   112  stm32f1xx_hal_dma.o(i.HAL_DMA_Init)
    HAL_DMA_Start_IT                         0x08002521   Thumb Code   112  stm32f1xx_hal_dma.o(i.HAL_DMA_Start_IT)
    HAL_GPIO_Init                            0x08002591   Thumb Code   462  stm32f1xx_hal_gpio.o(i.HAL_GPIO_Init)
    HAL_GPIO_ReadPin                         0x08002789   Thumb Code    10  stm32f1xx_hal_gpio.o(i.HAL_GPIO_ReadPin)
    HAL_GPIO_TogglePin                       0x08002793   Thumb Code    16  stm32f1xx_hal_gpio.o(i.HAL_GPIO_TogglePin)
    HAL_GPIO_WritePin                        0x080027a3   Thumb Code    10  stm32f1xx_hal_gpio.o(i.HAL_GPIO_WritePin)
    HAL_GetTick                              0x080027ad   Thumb Code     6  stm32f1xx_hal.o(i.HAL_GetTick)
    HAL_IncTick                              0x080027b9   Thumb Code    12  stm32f1xx_hal.o(i.HAL_IncTick)
    HAL_Init                                 0x080027c9   Thumb Code    32  stm32f1xx_hal.o(i.HAL_Init)
    HAL_InitTick                             0x080027ed   Thumb Code   100  stm32f1xx_hal_timebase_tim.o(i.HAL_InitTick)
    HAL_MspInit                              0x08002861   Thumb Code    62  stm32f1xx_hal_msp.o(i.HAL_MspInit)
    HAL_NVIC_EnableIRQ                       0x080028a9   Thumb Code    26  stm32f1xx_hal_cortex.o(i.HAL_NVIC_EnableIRQ)
    HAL_NVIC_SetPriority                     0x080028c5   Thumb Code    60  stm32f1xx_hal_cortex.o(i.HAL_NVIC_SetPriority)
    HAL_NVIC_SetPriorityGrouping             0x08002905   Thumb Code    26  stm32f1xx_hal_cortex.o(i.HAL_NVIC_SetPriorityGrouping)
    HAL_RCC_ClockConfig                      0x08002929   Thumb Code   280  stm32f1xx_hal_rcc.o(i.HAL_RCC_ClockConfig)
    HAL_RCC_GetClockConfig                   0x08002a55   Thumb Code    54  stm32f1xx_hal_rcc.o(i.HAL_RCC_GetClockConfig)
    HAL_RCC_GetPCLK1Freq                     0x08002a95   Thumb Code    20  stm32f1xx_hal_rcc.o(i.HAL_RCC_GetPCLK1Freq)
    HAL_RCC_GetPCLK2Freq                     0x08002ab5   Thumb Code    20  stm32f1xx_hal_rcc.o(i.HAL_RCC_GetPCLK2Freq)
    HAL_RCC_GetSysClockFreq                  0x08002ad5   Thumb Code    74  stm32f1xx_hal_rcc.o(i.HAL_RCC_GetSysClockFreq)
    HAL_RCC_OscConfig                        0x08002b41   Thumb Code   778  stm32f1xx_hal_rcc.o(i.HAL_RCC_OscConfig)
    HAL_SPI_Init                             0x08002e61   Thumb Code   178  stm32f1xx_hal_spi.o(i.HAL_SPI_Init)
    HAL_SPI_MspInit                          0x08002f15   Thumb Code   112  spi.o(i.HAL_SPI_MspInit)
    HAL_SPI_Receive                          0x08002f95   Thumb Code   346  stm32f1xx_hal_spi.o(i.HAL_SPI_Receive)
    HAL_SPI_Transmit                         0x080030ef   Thumb Code   358  stm32f1xx_hal_spi.o(i.HAL_SPI_Transmit)
    HAL_SPI_TransmitReceive                  0x08003255   Thumb Code   482  stm32f1xx_hal_spi.o(i.HAL_SPI_TransmitReceive)
    HAL_TIMEx_BreakCallback                  0x08003437   Thumb Code     2  stm32f1xx_hal_tim_ex.o(i.HAL_TIMEx_BreakCallback)
    HAL_TIMEx_CommutCallback                 0x08003439   Thumb Code     2  stm32f1xx_hal_tim_ex.o(i.HAL_TIMEx_CommutCallback)
    HAL_TIMEx_MasterConfigSynchronization    0x0800343d   Thumb Code   104  stm32f1xx_hal_tim_ex.o(i.HAL_TIMEx_MasterConfigSynchronization)
    HAL_TIM_Base_Init                        0x080034b9   Thumb Code    90  stm32f1xx_hal_tim.o(i.HAL_TIM_Base_Init)
    HAL_TIM_Base_MspInit                     0x08003515   Thumb Code    74  tim.o(i.HAL_TIM_Base_MspInit)
    HAL_TIM_Base_Start_IT                    0x08003571   Thumb Code    88  stm32f1xx_hal_tim.o(i.HAL_TIM_Base_Start_IT)
    HAL_TIM_ConfigClockSource                0x080035dd   Thumb Code   214  stm32f1xx_hal_tim.o(i.HAL_TIM_ConfigClockSource)
    HAL_TIM_IC_CaptureCallback               0x080036b3   Thumb Code     2  stm32f1xx_hal_tim.o(i.HAL_TIM_IC_CaptureCallback)
    HAL_TIM_IRQHandler                       0x080036b5   Thumb Code   358  stm32f1xx_hal_tim.o(i.HAL_TIM_IRQHandler)
    HAL_TIM_MspPostInit                      0x0800381d   Thumb Code   162  tim.o(i.HAL_TIM_MspPostInit)
    HAL_TIM_OC_DelayElapsedCallback          0x080038e1   Thumb Code     2  stm32f1xx_hal_tim.o(i.HAL_TIM_OC_DelayElapsedCallback)
    HAL_TIM_PWM_ConfigChannel                0x080038e3   Thumb Code   198  stm32f1xx_hal_tim.o(i.HAL_TIM_PWM_ConfigChannel)
    HAL_TIM_PWM_Init                         0x080039a9   Thumb Code    90  stm32f1xx_hal_tim.o(i.HAL_TIM_PWM_Init)
    HAL_TIM_PWM_MspInit                      0x08003a03   Thumb Code     2  stm32f1xx_hal_tim.o(i.HAL_TIM_PWM_MspInit)
    HAL_TIM_PWM_PulseFinishedCallback        0x08003a05   Thumb Code     2  stm32f1xx_hal_tim.o(i.HAL_TIM_PWM_PulseFinishedCallback)
    HAL_TIM_PWM_Start                        0x08003a09   Thumb Code   160  stm32f1xx_hal_tim.o(i.HAL_TIM_PWM_Start)
    HAL_TIM_PeriodElapsedCallback            0x08003abd   Thumb Code    14  main.o(i.HAL_TIM_PeriodElapsedCallback)
    HAL_TIM_TriggerCallback                  0x08003ad1   Thumb Code     2  stm32f1xx_hal_tim.o(i.HAL_TIM_TriggerCallback)
    HAL_UART_ErrorCallback                   0x08003ad3   Thumb Code     2  stm32f1xx_hal_uart.o(i.HAL_UART_ErrorCallback)
    HAL_UART_IRQHandler                      0x08003ad5   Thumb Code   344  stm32f1xx_hal_uart.o(i.HAL_UART_IRQHandler)
    HAL_UART_Init                            0x08003c31   Thumb Code    98  stm32f1xx_hal_uart.o(i.HAL_UART_Init)
    HAL_UART_MspInit                         0x08003c95   Thumb Code   538  usart.o(i.HAL_UART_MspInit)
    HAL_UART_Receive_DMA                     0x08003edd   Thumb Code   138  stm32f1xx_hal_uart.o(i.HAL_UART_Receive_DMA)
    HAL_UART_RxCpltCallback                  0x08003f75   Thumb Code     2  stm32f1xx_hal_uart.o(i.HAL_UART_RxCpltCallback)
    HAL_UART_RxHalfCpltCallback              0x08003f77   Thumb Code     2  stm32f1xx_hal_uart.o(i.HAL_UART_RxHalfCpltCallback)
    HAL_UART_Transmit_DMA                    0x08003f79   Thumb Code   114  stm32f1xx_hal_uart.o(i.HAL_UART_Transmit_DMA)
    HAL_UART_TxCpltCallback                  0x08003ff9   Thumb Code     2  stm32f1xx_hal_uart.o(i.HAL_UART_TxCpltCallback)
    HAL_UART_TxHalfCpltCallback              0x08003ffb   Thumb Code     2  stm32f1xx_hal_uart.o(i.HAL_UART_TxHalfCpltCallback)
    HardFault_Handler                        0x08003ffd   Thumb Code     2  stm32f1xx_it.o(i.HardFault_Handler)
    I2C_GetACK                               0x08003fff   Thumb Code    94  i2c_sim.o(i.I2C_GetACK)
    I2C_Init                                 0x0800405d   Thumb Code    70  i2c_sim.o(i.I2C_Init)
    I2C_SendByte                             0x080040e5   Thumb Code    86  i2c_sim.o(i.I2C_SendByte)
    I2C_Start                                0x0800413b   Thumb Code    58  i2c_sim.o(i.I2C_Start)
    I2C_Stop                                 0x08004175   Thumb Code    46  i2c_sim.o(i.I2C_Stop)
    I2C_StructInit                           0x080041a3   Thumb Code    14  i2c_sim.o(i.I2C_StructInit)
    KMP                                      0x080041b1   Thumb Code    84  kmp.o(i.KMP)
    MX_DMA_Init                              0x08004205   Thumb Code   136  dma.o(i.MX_DMA_Init)
    MX_FREERTOS_Init                         0x08004291   Thumb Code    78  freertos.o(i.MX_FREERTOS_Init)
    MX_GPIO_Init                             0x080042f9   Thumb Code   220  gpio.o(i.MX_GPIO_Init)
    MX_SPI1_Init                             0x080043e9   Thumb Code    62  spi.o(i.MX_SPI1_Init)
    MX_TIM3_Init                             0x08004431   Thumb Code   196  tim.o(i.MX_TIM3_Init)
    MX_TIM4_Init                             0x080044fd   Thumb Code   164  tim.o(i.MX_TIM4_Init)
    MX_TIM5_Init                             0x080045a9   Thumb Code   164  tim.o(i.MX_TIM5_Init)
    MX_UART4_Init                            0x08004655   Thumb Code    48  usart.o(i.MX_UART4_Init)
    MX_USART1_UART_Init                      0x0800468d   Thumb Code    86  usart.o(i.MX_USART1_UART_Init)
    MX_USART3_UART_Init                      0x080046f1   Thumb Code    86  usart.o(i.MX_USART3_UART_Init)
    MemManage_Handler                        0x08004755   Thumb Code     2  stm32f1xx_it.o(i.MemManage_Handler)
    NMI_Handler                              0x08004757   Thumb Code     2  stm32f1xx_it.o(i.NMI_Handler)
    OLED_Clear                               0x08004759   Thumb Code    38  oled12864.o(i.OLED_Clear)
    OLED_DrawPoint                           0x08004785   Thumb Code    54  oled12864.o(i.OLED_DrawPoint)
    OLED_Fill                                0x080047c1   Thumb Code    58  oled12864.o(i.OLED_Fill)
    OLED_Init                                0x080047fd   Thumb Code    26  oled12864.o(i.OLED_Init)
    OLED_Refresh_Gram                        0x0800481d   Thumb Code    58  oled12864.o(i.OLED_Refresh_Gram)
    OLED_Send                                0x0800485d   Thumb Code    64  oled12864.o(i.OLED_Send)
    OLED_ShowChar                            0x0800489d   Thumb Code   162  oled12864.o(i.OLED_ShowChar)
    OLED_ShowString                          0x0800494d   Thumb Code    90  oled12864.o(i.OLED_ShowString)
    OLED_Showicons                           0x080049a7   Thumb Code   156  oled12864.o(i.OLED_Showicons)
    OLED_send_cmd                            0x08004a45   Thumb Code    12  oled12864.o(i.OLED_send_cmd)
    OLED_send_datas                          0x08004a55   Thumb Code    62  oled12864.o(i.OLED_send_datas)
    Reconnect                                0x08004a95   Thumb Code   382  esp8266.o(i.Reconnect)
    StartDefaultTask                         0x08004e61   Thumb Code    72  freertos.o(i.StartDefaultTask)
    StartTask02                              0x08004ead   Thumb Code   826  freertos.o(i.StartTask02)
    SysTick_Handler                          0x08005295   Thumb Code    38  port.o(i.SysTick_Handler)
    SystemClock_Config                       0x080052c1   Thumb Code    94  main.o(i.SystemClock_Config)
    SystemInit                               0x08005321   Thumb Code    56  system_stm32f1xx.o(i.SystemInit)
    TIM6_IRQHandler                          0x08005369   Thumb Code     6  stm32f1xx_it.o(i.TIM6_IRQHandler)
    TIM_Base_SetConfig                       0x08005375   Thumb Code   120  stm32f1xx_hal_tim.o(i.TIM_Base_SetConfig)
    TIM_CCxChannelCmd                        0x08005401   Thumb Code    26  stm32f1xx_hal_tim.o(i.TIM_CCxChannelCmd)
    TIM_ETR_SetConfig                        0x0800541b   Thumb Code    20  stm32f1xx_hal_tim.o(i.TIM_ETR_SetConfig)
    TIM_OC2_SetConfig                        0x080054a1   Thumb Code    98  stm32f1xx_hal_tim.o(i.TIM_OC2_SetConfig)
    ToggleLED1                               0x0800560d   Thumb Code   230  freertos.o(i.ToggleLED1)
    UART3_Print                              0x08005711   Thumb Code    42  usart.o(i.UART3_Print)
    UART4_IRQHandler                         0x08005741   Thumb Code    70  stm32f1xx_it.o(i.UART4_IRQHandler)
    USART1_IRQHandler                        0x080059e1   Thumb Code    80  stm32f1xx_it.o(i.USART1_IRQHandler)
    USART3_IRQHandler                        0x08005a41   Thumb Code    80  stm32f1xx_it.o(i.USART3_IRQHandler)
    Uart3_DMA_Sent                           0x08005aa1   Thumb Code    56  usart.o(i.Uart3_DMA_Sent)
    UsageFault_Handler                       0x08005b47   Thumb Code     2  stm32f1xx_it.o(i.UsageFault_Handler)
    W25qxx_EraseSector                       0x08005b49   Thumb Code   130  w25qxx.o(i.W25qxx_EraseSector)
    W25qxx_Init                              0x08005bd5   Thumb Code   354  w25qxx.o(i.W25qxx_Init)
    W25qxx_ReadID                            0x08005f55   Thumb Code    74  w25qxx.o(i.W25qxx_ReadID)
    W25qxx_ReadPage                          0x08005fa5   Thumb Code   160  w25qxx.o(i.W25qxx_ReadPage)
    W25qxx_ReadSector                        0x08006051   Thumb Code    96  w25qxx.o(i.W25qxx_ReadSector)
    W25qxx_ReadStatusRegister                0x080060b5   Thumb Code   106  w25qxx.o(i.W25qxx_ReadStatusRegister)
    W25qxx_ReadUniqID                        0x08006129   Thumb Code    78  w25qxx.o(i.W25qxx_ReadUniqID)
    W25qxx_SectorToPage                      0x08006181   Thumb Code    14  w25qxx.o(i.W25qxx_SectorToPage)
    W25qxx_Spi                               0x08006195   Thumb Code    26  w25qxx.o(i.W25qxx_Spi)
    W25qxx_WaitForWriteEnd                   0x080061b5   Thumb Code    70  w25qxx.o(i.W25qxx_WaitForWriteEnd)
    W25qxx_WriteEnable                       0x08006205   Thumb Code    44  w25qxx.o(i.W25qxx_WriteEnable)
    W25qxx_WritePage                         0x08006235   Thumb Code   170  w25qxx.o(i.W25qxx_WritePage)
    W25qxx_WriteSector                       0x080062ed   Thumb Code    96  w25qxx.o(i.W25qxx_WriteSector)
    __0printf                                0x08006351   Thumb Code    22  printfa.o(i.__0printf)
    __1printf                                0x08006351   Thumb Code     0  printfa.o(i.__0printf)
    __2printf                                0x08006351   Thumb Code     0  printfa.o(i.__0printf)
    __c89printf                              0x08006351   Thumb Code     0  printfa.o(i.__0printf)
    printf                                   0x08006351   Thumb Code     0  printfa.o(i.__0printf)
    __0sprintf                               0x08006371   Thumb Code    34  printfa.o(i.__0sprintf)
    __1sprintf                               0x08006371   Thumb Code     0  printfa.o(i.__0sprintf)
    __2sprintf                               0x08006371   Thumb Code     0  printfa.o(i.__0sprintf)
    __c89sprintf                             0x08006371   Thumb Code     0  printfa.o(i.__0sprintf)
    sprintf                                  0x08006371   Thumb Code     0  printfa.o(i.__0sprintf)
    __0vsprintf                              0x08006399   Thumb Code    30  printfa.o(i.__0vsprintf)
    __1vsprintf                              0x08006399   Thumb Code     0  printfa.o(i.__0vsprintf)
    __2vsprintf                              0x08006399   Thumb Code     0  printfa.o(i.__0vsprintf)
    __c89vsprintf                            0x08006399   Thumb Code     0  printfa.o(i.__0vsprintf)
    vsprintf                                 0x08006399   Thumb Code     0  printfa.o(i.__0vsprintf)
    __aeabi_errno_addr                       0x080063dd   Thumb Code     4  errno.o(i.__aeabi_errno_addr)
    __rt_errno_addr                          0x080063dd   Thumb Code     0  errno.o(i.__aeabi_errno_addr)
    free                                     0x080063e5   Thumb Code    88  mallocr.o(i.__free$realloc)
    malloc                                   0x08006441   Thumb Code    64  mallocr.o(i.__malloc$realloc)
    __scatterload_copy                       0x08006491   Thumb Code    14  handlers.o(i.__scatterload_copy)
    __scatterload_null                       0x0800649f   Thumb Code     2  handlers.o(i.__scatterload_null)
    __scatterload_zeroinit                   0x080064a1   Thumb Code    14  handlers.o(i.__scatterload_zeroinit)
    _is_digit                                0x08006615   Thumb Code    14  scanf_fp.o(i._is_digit)
    actGroupCtl                              0x08006d5d   Thumb Code   316  freertos.o(i.actGroupCtl)
    cJSON_Delete                             0x08006f15   Thumb Code    66  cjson.o(i.cJSON_Delete)
    cJSON_GetArrayItem                       0x08006f5d   Thumb Code    12  cjson.o(i.cJSON_GetArrayItem)
    cJSON_GetArraySize                       0x08006f69   Thumb Code    26  cjson.o(i.cJSON_GetArraySize)
    cJSON_GetErrorPtr                        0x08006f85   Thumb Code    10  cjson.o(i.cJSON_GetErrorPtr)
    cJSON_InitHooks                          0x08006f95   Thumb Code    54  cjson.o(i.cJSON_InitHooks)
    cJSON_Parse                              0x08006ff3   Thumb Code     8  cjson.o(i.cJSON_Parse)
    cJSON_ParseWithLengthOpts                0x08006ffd   Thumb Code   210  cjson.o(i.cJSON_ParseWithLengthOpts)
    cJSON_ParseWithOpts                      0x080070d9   Thumb Code    34  cjson.o(i.cJSON_ParseWithOpts)
    cJSON_Print                              0x080070fd   Thumb Code     8  cjson.o(i.cJSON_Print)
    cJSON_free                               0x08007109   Thumb Code     6  cjson.o(i.cJSON_free)
    checkserver                              0x08007115   Thumb Code    78  esp8266.o(i.checkserver)
    demo_group                               0x0800720d   Thumb Code   548  servo.o(i.demo_group)
    eTaskGetState                            0x08007451   Thumb Code    94  tasks.o(i.eTaskGetState)
    fputc                                    0x08007545   Thumb Code    18  usart.o(i.fputc)
    main                                     0x080075c5   Thumb Code    88  main.o(i.main)
    osDelay                                  0x08007625   Thumb Code    46  cmsis_os2.o(i.osDelay)
    osEventFlagsClear                        0x08007659   Thumb Code    82  cmsis_os2.o(i.osEventFlagsClear)
    osEventFlagsGet                          0x080076b1   Thumb Code    42  cmsis_os2.o(i.osEventFlagsGet)
    osEventFlagsNew                          0x080076e1   Thumb Code    64  cmsis_os2.o(i.osEventFlagsNew)
    osEventFlagsSet                          0x08007725   Thumb Code    98  cmsis_os2.o(i.osEventFlagsSet)
    osEventFlagsWait                         0x08007791   Thumb Code   118  cmsis_os2.o(i.osEventFlagsWait)
    osKernelInitialize                       0x0800780d   Thumb Code    50  cmsis_os2.o(i.osKernelInitialize)
    osKernelStart                            0x08007845   Thumb Code    58  cmsis_os2.o(i.osKernelStart)
    osMutexNew                               0x08007885   Thumb Code   124  cmsis_os2.o(i.osMutexNew)
    osSemaphoreAcquire                       0x08007905   Thumb Code   106  cmsis_os2.o(i.osSemaphoreAcquire)
    osSemaphoreNew                           0x08007979   Thumb Code   172  cmsis_os2.o(i.osSemaphoreNew)
    osSemaphoreRelease                       0x08007a29   Thumb Code   100  cmsis_os2.o(i.osSemaphoreRelease)
    osThreadGetCount                         0x08007a95   Thumb Code    34  cmsis_os2.o(i.osThreadGetCount)
    osThreadGetName                          0x08007abd   Thumb Code    36  cmsis_os2.o(i.osThreadGetName)
    osThreadGetState                         0x08007ae5   Thumb Code    72  cmsis_os2.o(i.osThreadGetState)
    osThreadNew                              0x08007b31   Thumb Code   158  cmsis_os2.o(i.osThreadNew)
    osThreadResume                           0x08007bd5   Thumb Code    52  cmsis_os2.o(i.osThreadResume)
    osThreadSuspend                          0x08007c0d   Thumb Code    52  cmsis_os2.o(i.osThreadSuspend)
    pcTaskGetName                            0x08008165   Thumb Code    28  tasks.o(i.pcTaskGetName)
    pvPortMalloc                             0x08008e7d   Thumb Code   210  heap_4.o(i.pvPortMalloc)
    pvTaskIncrementMutexHeldCount            0x08008f55   Thumb Code    18  tasks.o(i.pvTaskIncrementMutexHeldCount)
    pxPortInitialiseStack                    0x08008f6d   Thumb Code    32  port.o(i.pxPortInitialiseStack)
    realloc                                  0x08008f91   Thumb Code   102  mallocr.o(i.realloc)
    setServo0                                0x08008ffd   Thumb Code   106  freertos.o(i.setServo0)
    setServo1                                0x0800908d   Thumb Code    98  freertos.o(i.setServo1)
    setServo2                                0x0800910d   Thumb Code    98  freertos.o(i.setServo2)
    setServo3                                0x0800918d   Thumb Code    98  freertos.o(i.setServo3)
    setServo4                                0x0800920d   Thumb Code    98  freertos.o(i.setServo4)
    setServo5                                0x0800928d   Thumb Code    98  freertos.o(i.setServo5)
    strtod                                   0x0800930d   Thumb Code    28  strtod.o(i.strtod)
    task20                                   0x08009329   Thumb Code   170  freertos.o(i.task20)
    uxListRemove                             0x08009523   Thumb Code    38  list.o(i.uxListRemove)
    uxTaskGetNumberOfTasks                   0x08009549   Thumb Code     6  tasks.o(i.uxTaskGetNumberOfTasks)
    uxTaskGetStackHighWaterMark              0x08009555   Thumb Code    12  tasks.o(i.uxTaskGetStackHighWaterMark)
    uxTaskResetEventItemValue                0x08009565   Thumb Code    20  tasks.o(i.uxTaskResetEventItemValue)
    vApplicationGetIdleTaskMemory            0x0800957d   Thumb Code    16  cmsis_os2.o(i.vApplicationGetIdleTaskMemory)
    vApplicationGetTimerTaskMemory           0x08009591   Thumb Code    18  cmsis_os2.o(i.vApplicationGetTimerTaskMemory)
    vApplicationTickHook                     0x080095a9   Thumb Code     2  freertos.o(i.vApplicationTickHook)
    vEventGroupClearBitsCallback             0x080095ab   Thumb Code     4  event_groups.o(i.vEventGroupClearBitsCallback)
    vEventGroupSetBitsCallback               0x080095af   Thumb Code     4  event_groups.o(i.vEventGroupSetBitsCallback)
    vListInitialise                          0x080095b3   Thumb Code    22  list.o(i.vListInitialise)
    vListInitialiseItem                      0x080095c9   Thumb Code     6  list.o(i.vListInitialiseItem)
    vListInsert                              0x080095cf   Thumb Code    48  list.o(i.vListInsert)
    vListInsertEnd                           0x080095ff   Thumb Code    24  list.o(i.vListInsertEnd)
    vPortEnterCritical                       0x08009619   Thumb Code    54  port.o(i.vPortEnterCritical)
    vPortExitCritical                        0x08009659   Thumb Code    34  port.o(i.vPortExitCritical)
    vPortFree                                0x08009681   Thumb Code    88  heap_4.o(i.vPortFree)
    vPortSetupTimerInterrupt                 0x080096dd   Thumb Code    32  port.o(i.vPortSetupTimerInterrupt)
    vPortValidateInterruptPriority           0x08009701   Thumb Code    74  port.o(i.vPortValidateInterruptPriority)
    vQueueAddToRegistry                      0x08009755   Thumb Code    34  queue.o(i.vQueueAddToRegistry)
    vQueueDelete                             0x0800977d   Thumb Code    46  queue.o(i.vQueueDelete)
    vQueueUnregisterQueue                    0x080097ad   Thumb Code    36  queue.o(i.vQueueUnregisterQueue)
    vQueueWaitForMessageRestricted           0x080097d5   Thumb Code    68  queue.o(i.vQueueWaitForMessageRestricted)
    vTaskDelay                               0x08009819   Thumb Code    66  tasks.o(i.vTaskDelay)
    vTaskDelete                              0x08009865   Thumb Code   130  tasks.o(i.vTaskDelete)
    vTaskInternalSetTimeOutState             0x080098f5   Thumb Code    12  tasks.o(i.vTaskInternalSetTimeOutState)
    vTaskMissedYield                         0x08009905   Thumb Code     8  tasks.o(i.vTaskMissedYield)
    vTaskPlaceOnEventList                    0x08009911   Thumb Code    44  tasks.o(i.vTaskPlaceOnEventList)
    vTaskPlaceOnEventListRestricted          0x08009941   Thumb Code    52  tasks.o(i.vTaskPlaceOnEventListRestricted)
    vTaskPlaceOnUnorderedEventList           0x08009979   Thumb Code    76  tasks.o(i.vTaskPlaceOnUnorderedEventList)
    vTaskPriorityDisinheritAfterTimeout      0x080099c9   Thumb Code   134  tasks.o(i.vTaskPriorityDisinheritAfterTimeout)
    vTaskRemoveFromUnorderedEventList        0x08009a59   Thumb Code   102  tasks.o(i.vTaskRemoveFromUnorderedEventList)
    vTaskResume                              0x08009ac9   Thumb Code   110  tasks.o(i.vTaskResume)
    vTaskStartScheduler                      0x08009b45   Thumb Code   118  tasks.o(i.vTaskStartScheduler)
    vTaskSuspend                             0x08009bcd   Thumb Code   144  tasks.o(i.vTaskSuspend)
    vTaskSuspendAll                          0x08009c69   Thumb Code    10  tasks.o(i.vTaskSuspendAll)
    vTaskSwitchContext                       0x08009c79   Thumb Code    90  tasks.o(i.vTaskSwitchContext)
    xEventGroupClearBits                     0x08009cdd   Thumb Code    64  event_groups.o(i.xEventGroupClearBits)
    xEventGroupClearBitsFromISR              0x08009d1d   Thumb Code    12  event_groups.o(i.xEventGroupClearBitsFromISR)
    xEventGroupCreate                        0x08009d2d   Thumb Code    28  event_groups.o(i.xEventGroupCreate)
    xEventGroupCreateStatic                  0x08009d49   Thumb Code    44  event_groups.o(i.xEventGroupCreateStatic)
    xEventGroupGetBitsFromISR                0x08009d75   Thumb Code    26  event_groups.o(i.xEventGroupGetBitsFromISR)
    xEventGroupSetBits                       0x08009d8f   Thumb Code   140  event_groups.o(i.xEventGroupSetBits)
    xEventGroupSetBitsFromISR                0x08009e1d   Thumb Code    12  event_groups.o(i.xEventGroupSetBitsFromISR)
    xEventGroupWaitBits                      0x08009e2d   Thumb Code   260  event_groups.o(i.xEventGroupWaitBits)
    xPortGetFreeHeapSize                     0x08009f35   Thumb Code     6  heap_4.o(i.xPortGetFreeHeapSize)
    xPortStartScheduler                      0x08009f41   Thumb Code   154  port.o(i.xPortStartScheduler)
    xQueueCreateCountingSemaphore            0x08009fe9   Thumb Code    58  queue.o(i.xQueueCreateCountingSemaphore)
    xQueueCreateCountingSemaphoreStatic      0x0800a023   Thumb Code    64  queue.o(i.xQueueCreateCountingSemaphoreStatic)
    xQueueCreateMutex                        0x0800a063   Thumb Code    22  queue.o(i.xQueueCreateMutex)
    xQueueCreateMutexStatic                  0x0800a079   Thumb Code    26  queue.o(i.xQueueCreateMutexStatic)
    xQueueGenericCreate                      0x0800a093   Thumb Code    72  queue.o(i.xQueueGenericCreate)
    xQueueGenericCreateStatic                0x0800a0db   Thumb Code   102  queue.o(i.xQueueGenericCreateStatic)
    xQueueGenericReset                       0x0800a141   Thumb Code   132  queue.o(i.xQueueGenericReset)
    xQueueGenericSend                        0x0800a1c9   Thumb Code   346  queue.o(i.xQueueGenericSend)
    xQueueGenericSendFromISR                 0x0800a329   Thumb Code   188  queue.o(i.xQueueGenericSendFromISR)
    xQueueGiveFromISR                        0x0800a3e5   Thumb Code   156  queue.o(i.xQueueGiveFromISR)
    xQueueReceive                            0x0800a481   Thumb Code   308  queue.o(i.xQueueReceive)
    xQueueReceiveFromISR                     0x0800a5b9   Thumb Code   154  queue.o(i.xQueueReceiveFromISR)
    xQueueSemaphoreTake                      0x0800a655   Thumb Code   372  queue.o(i.xQueueSemaphoreTake)
    xTaskCheckForTimeOut                     0x0800a7cd   Thumb Code   112  tasks.o(i.xTaskCheckForTimeOut)
    xTaskCreate                              0x0800a841   Thumb Code    90  tasks.o(i.xTaskCreate)
    xTaskCreateStatic                        0x0800a89b   Thumb Code    86  tasks.o(i.xTaskCreateStatic)
    xTaskGetSchedulerState                   0x0800a8f1   Thumb Code    22  tasks.o(i.xTaskGetSchedulerState)
    xTaskGetTickCount                        0x0800a90d   Thumb Code     6  tasks.o(i.xTaskGetTickCount)
    xTaskIncrementTick                       0x0800a919   Thumb Code   200  tasks.o(i.xTaskIncrementTick)
    xTaskPriorityDisinherit                  0x0800a9e9   Thumb Code   118  tasks.o(i.xTaskPriorityDisinherit)
    xTaskPriorityInherit                     0x0800aa69   Thumb Code   112  tasks.o(i.xTaskPriorityInherit)
    xTaskRemoveFromEventList                 0x0800aae1   Thumb Code    98  tasks.o(i.xTaskRemoveFromEventList)
    xTaskResumeAll                           0x0800ab51   Thumb Code   182  tasks.o(i.xTaskResumeAll)
    xTimerCreateTimerTask                    0x0800ac15   Thumb Code    78  timers.o(i.xTimerCreateTimerTask)
    xTimerGenericCommand                     0x0800ac75   Thumb Code    98  timers.o(i.xTimerGenericCommand)
    xTimerPendFunctionCallFromISR            0x0800acdd   Thumb Code    34  timers.o(i.xTimerPendFunctionCallFromISR)
    asc2_1206                                0x0800ad04   Data        1140  oled12864.o(.constdata)
    asc2_1608                                0x0800b178   Data        1520  oled12864.o(.constdata)
    asc2_2412                                0x0800b768   Data        3420  oled12864.o(.constdata)
    OLED_init_cmd                            0x0800c4c4   Data          25  oled12864.o(.constdata)
    gImage_onenet                            0x0800c4dd   Data         512  oledicons.o(.constdata)
    gImage_BUCT                              0x0800c6dd   Data         512  oledicons.o(.constdata)
    gImage_wifi2                             0x0800c8dd   Data          32  oledicons.o(.constdata)
    gImage_jidian                            0x0800c8fd   Data         288  oledicons.o(.constdata)
    defaultTask_attributes                   0x0800ca20   Data          36  freertos.o(.constdata)
    Init_all_task_attributes                 0x0800ca44   Data          36  freertos.o(.constdata)
    ToggleLEDTask_attributes                 0x0800ca68   Data          36  freertos.o(.constdata)
    task20Task_attributes                    0x0800ca8c   Data          36  freertos.o(.constdata)
    servo0Task_attributes                    0x0800cab0   Data          36  freertos.o(.constdata)
    servo1Task_attributes                    0x0800cad4   Data          36  freertos.o(.constdata)
    servo2Task_attributes                    0x0800caf8   Data          36  freertos.o(.constdata)
    servo3Task_attributes                    0x0800cb1c   Data          36  freertos.o(.constdata)
    servo4Task_attributes                    0x0800cb40   Data          36  freertos.o(.constdata)
    servo5Task_attributes                    0x0800cb64   Data          36  freertos.o(.constdata)
    actGroupTask_attributes                  0x0800cb88   Data          36  freertos.o(.constdata)
    myMutex_ServoInput_attributes            0x0800cbac   Data          16  freertos.o(.constdata)
    serialSemaphore1_attributes              0x0800cbbc   Data          16  freertos.o(.constdata)
    newSignal_attributes                     0x0800cbcc   Data          16  freertos.o(.constdata)
    checkserverTask_attributes               0x0800cbdc   Data          36  freertos.o(.constdata)
    AHBPrescTable                            0x0800cc00   Data          16  system_stm32f1xx.o(.constdata)
    APBPrescTable                            0x0800cc10   Data           8  system_stm32f1xx.o(.constdata)
    __ctype_table                            0x0800cc18   Data         129  ctype_o.o(.constdata)
    Region$$Table$$Base                      0x0800cd74   Number         0  anon$$obj.o(Region$$Table)
    Region$$Table$$Limit                     0x0800cd94   Number         0  anon$$obj.o(Region$$Table)
    OLED_Arg                                 0x20000000   Data           7  oled12864.o(.data)
    init_finish_flag                         0x20000008   Data           1  freertos.o(.data)
    dispalymode                              0x20000009   Data           1  freertos.o(.data)
    offline_count                            0x2000000a   Data           1  freertos.o(.data)
    strLength                                0x2000000c   Data           2  freertos.o(.data)
    defaultTaskHandle                        0x20000010   Data           4  freertos.o(.data)
    Init_all_taskHandle                      0x20000014   Data           4  freertos.o(.data)
    ToggleLEDTaskHandle                      0x20000018   Data           4  freertos.o(.data)
    task20TaskHandle                         0x2000001c   Data           4  freertos.o(.data)
    servo0TaskHandle                         0x20000020   Data           4  freertos.o(.data)
    servo1TaskHandle                         0x20000024   Data           4  freertos.o(.data)
    servo2TaskHandle                         0x20000028   Data           4  freertos.o(.data)
    servo3TaskHandle                         0x2000002c   Data           4  freertos.o(.data)
    servo4TaskHandle                         0x20000030   Data           4  freertos.o(.data)
    servo5TaskHandle                         0x20000034   Data           4  freertos.o(.data)
    actGroupTaskHandle                       0x20000038   Data           4  freertos.o(.data)
    myMutex_ServoInputHandle                 0x2000003c   Data           4  freertos.o(.data)
    serialSemaphore1Handle                   0x20000040   Data           4  freertos.o(.data)
    newSignalHandle                          0x20000044   Data           4  freertos.o(.data)
    checkserverTaskHandle                    0x20000048   Data           4  freertos.o(.data)
    __stdout                                 0x2000004c   Data           4  usart.o(.data)
    uwTickFreq                               0x20000050   Data           1  stm32f1xx_hal.o(.data)
    uwTickPrio                               0x20000054   Data           4  stm32f1xx_hal.o(.data)
    uwTick                                   0x20000058   Data           4  stm32f1xx_hal.o(.data)
    SystemCoreClock                          0x2000005c   Data           4  system_stm32f1xx.o(.data)
    pxCurrentTCB                             0x20000060   Data           4  tasks.o(.data)
    __microlib_freelist                      0x200000ec   Data           4  mvars.o(.data)
    __microlib_freelist_initialised          0x200000f0   Data           4  mvars.o(.data)
    actGroupRW_temp                          0x200000f8   Data          40  servo.o(.bss)
    OLED_Rev                                 0x20000120   Data          10  oled12864.o(.bss)
    OLED_GRAM                                0x2000012a   Data        1024  oled12864.o(.bss)
    w25qxx                                   0x2000052c   Data          40  w25qxx.o(.bss)
    OLED_i2c                                 0x20000554   Data          16  main.o(.bss)
    Base_Servo                               0x20000564   Data          12  freertos.o(.bss)
    Servo1                                   0x20000570   Data          12  freertos.o(.bss)
    Servo2                                   0x2000057c   Data          12  freertos.o(.bss)
    Servo3                                   0x20000588   Data          12  freertos.o(.bss)
    Servo4                                   0x20000594   Data          12  freertos.o(.bss)
    Grap_Servo                               0x200005a0   Data          12  freertos.o(.bss)
    string111                                0x200005ac   Data        2048  freertos.o(.bss)
    actGroupToRun                            0x20000dac   Data          20  freertos.o(.bss)
    hspi1                                    0x20000dc0   Data          88  spi.o(.bss)
    htim3                                    0x20000e18   Data          72  tim.o(.bss)
    htim4                                    0x20000e60   Data          72  tim.o(.bss)
    htim5                                    0x20000ea8   Data          72  tim.o(.bss)
    uart3str                                 0x20000ef0   Data        3080  usart.o(.bss)
    uart4str                                 0x20001af8   Data        3080  usart.o(.bss)
    uart1str                                 0x20002700   Data        3080  usart.o(.bss)
    huart4                                   0x20003308   Data          64  usart.o(.bss)
    huart1                                   0x20003348   Data          64  usart.o(.bss)
    huart3                                   0x20003388   Data          64  usart.o(.bss)
    hdma_uart4_rx                            0x200033c8   Data          68  usart.o(.bss)
    hdma_uart4_tx                            0x2000340c   Data          68  usart.o(.bss)
    hdma_usart1_rx                           0x20003450   Data          68  usart.o(.bss)
    hdma_usart1_tx                           0x20003494   Data          68  usart.o(.bss)
    hdma_usart3_rx                           0x200034d8   Data          68  usart.o(.bss)
    hdma_usart3_tx                           0x2000351c   Data          68  usart.o(.bss)
    htim6                                    0x20003560   Data          72  stm32f1xx_hal_timebase_tim.o(.bss)
    xQueueRegistry                           0x200035a8   Data          64  queue.o(.bss)
    __heap_base                              0x20008280   Data           0  startup_stm32f103xe.o(HEAP)
    __heap_limit                             0x20008e80   Data           0  startup_stm32f103xe.o(HEAP)
    __initial_sp                             0x20009e80   Data           0  startup_stm32f103xe.o(STACK)



==============================================================================

Memory Map of the image

  Image Entry point : 0x08000131

  Load Region LR_IROM1 (Base: 0x08000000, Size: 0x0000ce8c, Max: 0x00040000, ABSOLUTE)

    Execution Region ER_IROM1 (Base: 0x08000000, Size: 0x0000cd94, Max: 0x00040000, ABSOLUTE)

    Base Addr    Size         Type   Attr      Idx    E Section Name        Object

    0x08000000   0x00000130   Data   RO            3    RESET               startup_stm32f103xe.o
    0x08000130   0x00000000   Code   RO         6273  * .ARM.Collect$$$$00000000  mc_w.l(entry.o)
    0x08000130   0x00000004   Code   RO         6611    .ARM.Collect$$$$00000001  mc_w.l(entry2.o)
    0x08000134   0x00000004   Code   RO         6614    .ARM.Collect$$$$00000004  mc_w.l(entry5.o)
    0x08000138   0x00000000   Code   RO         6616    .ARM.Collect$$$$00000008  mc_w.l(entry7b.o)
    0x08000138   0x00000000   Code   RO         6618    .ARM.Collect$$$$0000000A  mc_w.l(entry8b.o)
    0x08000138   0x00000008   Code   RO         6619    .ARM.Collect$$$$0000000B  mc_w.l(entry9a.o)
    0x08000140   0x00000000   Code   RO         6621    .ARM.Collect$$$$0000000D  mc_w.l(entry10a.o)
    0x08000140   0x00000000   Code   RO         6623    .ARM.Collect$$$$0000000F  mc_w.l(entry11a.o)
    0x08000140   0x00000004   Code   RO         6612    .ARM.Collect$$$$00002712  mc_w.l(entry2.o)
    0x08000144   0x00000096   Code   RO         5587    .emb_text           port.o
    0x080001da   0x00000002   PAD
    0x080001dc   0x00000024   Code   RO            4    .text               startup_stm32f103xe.o
    0x08000200   0x00000020   Code   RO         6276    .text               mc_w.l(llushr.o)
    0x08000220   0x00000024   Code   RO         6280    .text               mc_w.l(memcpya.o)
    0x08000244   0x00000024   Code   RO         6284    .text               mc_w.l(memseta.o)
    0x08000268   0x00000024   Code   RO         6286    .text               mc_w.l(strstr.o)
    0x0800028c   0x0000000e   Code   RO         6288    .text               mc_w.l(strlen.o)
    0x0800029a   0x0000001c   Code   RO         6290    .text               mc_w.l(strcmp.o)
    0x080002b6   0x00000012   Code   RO         6292    .text               mc_w.l(strcpy.o)
    0x080002c8   0x0000001e   Code   RO         6294    .text               mc_w.l(strncmp.o)
    0x080002e6   0x00000002   PAD
    0x080002e8   0x00000038   Code   RO         6587    .text               mc_w.l(__0sscanf.o)
    0x08000320   0x0000014c   Code   RO         6589    .text               mc_w.l(_scanf_int.o)
    0x0800046c   0x00000338   Code   RO         6591    .text               mc_w.l(scanf_fp.o)
    0x080007a4   0x0000001a   Code   RO         6595    .text               mc_w.l(atoi.o)
    0x080007be   0x0000014e   Code   RO         6597    .text               mf_w.l(dadd.o)
    0x0800090c   0x0000002e   Code   RO         6599    .text               mf_w.l(dscalb.o)
    0x0800093a   0x0000003e   Code   RO         6603    .text               mf_w.l(dfixi.o)
    0x08000978   0x00000030   Code   RO         6607    .text               mf_w.l(cdcmple.o)
    0x080009a8   0x00000030   Code   RO         6609    .text               mf_w.l(cdrcmple.o)
    0x080009d8   0x0000002c   Code   RO         6625    .text               mc_w.l(uidiv.o)
    0x08000a04   0x00000062   Code   RO         6627    .text               mc_w.l(uldiv.o)
    0x08000a66   0x0000001e   Code   RO         6629    .text               mc_w.l(llshl.o)
    0x08000a84   0x00000024   Code   RO         6631    .text               mc_w.l(llsshr.o)
    0x08000aa8   0x0000001c   Code   RO         6642    .text               mc_w.l(_chval.o)
    0x08000ac4   0x00000028   Code   RO         6644    .text               mc_w.l(scanf_char.o)
    0x08000aec   0x00000040   Code   RO         6646    .text               mc_w.l(_sgetc.o)
    0x08000b2c   0x0000009c   Code   RO         6648    .text               mc_w.l(strtod.o)
    0x08000bc8   0x00000070   Code   RO         6650    .text               mc_w.l(strtol.o)
    0x08000c38   0x00000000   Code   RO         6652    .text               mc_w.l(iusefp.o)
    0x08000c38   0x000000ba   Code   RO         6653    .text               mf_w.l(depilogue.o)
    0x08000cf2   0x000000e4   Code   RO         6655    .text               mf_w.l(dmul.o)
    0x08000dd6   0x000000de   Code   RO         6657    .text               mf_w.l(ddiv.o)
    0x08000eb4   0x00000018   Code   RO         6659    .text               mf_w.l(dfltul.o)
    0x08000ecc   0x00000030   Code   RO         6661    .text               mf_w.l(dfixul.o)
    0x08000efc   0x00000038   Code   RO         6663    .text               mf_w.l(d2f.o)
    0x08000f34   0x00000024   Code   RO         6665    .text               mc_w.l(init.o)
    0x08000f58   0x00000008   Code   RO         6669    .text               mc_w.l(ctype_o.o)
    0x08000f60   0x00000012   Code   RO         6691    .text               mc_w.l(isspace_o.o)
    0x08000f72   0x00000002   PAD
    0x08000f74   0x0000032c   Code   RO         6697    .text               mc_w.l(_scanf.o)
    0x080012a0   0x0000009e   Code   RO         6699    .text               mc_w.l(_strtoul.o)
    0x0800133e   0x0000006e   Code   RO         6701    .text               mf_w.l(fepilogue.o)
    0x080013ac   0x00000002   Code   RO         1205    i.BusFault_Handler  stm32f1xx_it.o
    0x080013ae   0x00000002   PAD
    0x080013b0   0x0000000c   Code   RO         1206    i.DMA1_Channel2_IRQHandler  stm32f1xx_it.o
    0x080013bc   0x0000000c   Code   RO         1207    i.DMA1_Channel3_IRQHandler  stm32f1xx_it.o
    0x080013c8   0x0000000c   Code   RO         1208    i.DMA1_Channel4_IRQHandler  stm32f1xx_it.o
    0x080013d4   0x0000000c   Code   RO         1209    i.DMA1_Channel5_IRQHandler  stm32f1xx_it.o
    0x080013e0   0x0000000c   Code   RO         1210    i.DMA2_Channel3_IRQHandler  stm32f1xx_it.o
    0x080013ec   0x0000000c   Code   RO         1211    i.DMA2_Channel4_5_IRQHandler  stm32f1xx_it.o
    0x080013f8   0x0000002a   Code   RO         1800    i.DMA_SetConfig     stm32f1xx_hal_dma.o
    0x08001422   0x00000002   Code   RO         1212    i.DebugMon_Handler  stm32f1xx_it.o
    0x08001424   0x00000004   Code   RO          778    i.Error_Handler     main.o
    0x08001428   0x000004cc   Code   RO          406    i.Esp8266_Init      esp8266.o
    0x080018f4   0x000007cc   Code   RO          480    i.Get_Info          community.o
    0x080020c0   0x0000002c   Code   RO         1102    i.Get_Uart_Data     usart.o
    0x080020ec   0x0000003e   Code   RO          745    i.Getnext           kmp.o
    0x0800212a   0x00000002   PAD
    0x0800212c   0x00000130   Code   RO         1802    i.HAL_DMA_Abort_IT  stm32f1xx_hal_dma.o
    0x0800225c   0x00000248   Code   RO         1806    i.HAL_DMA_IRQHandler  stm32f1xx_hal_dma.o
    0x080024a4   0x0000007c   Code   RO         1807    i.HAL_DMA_Init      stm32f1xx_hal_dma.o
    0x08002520   0x00000070   Code   RO         1811    i.HAL_DMA_Start_IT  stm32f1xx_hal_dma.o
    0x08002590   0x000001f8   Code   RO         1737    i.HAL_GPIO_Init     stm32f1xx_hal_gpio.o
    0x08002788   0x0000000a   Code   RO         1739    i.HAL_GPIO_ReadPin  stm32f1xx_hal_gpio.o
    0x08002792   0x00000010   Code   RO         1740    i.HAL_GPIO_TogglePin  stm32f1xx_hal_gpio.o
    0x080027a2   0x0000000a   Code   RO         1741    i.HAL_GPIO_WritePin  stm32f1xx_hal_gpio.o
    0x080027ac   0x0000000c   Code   RO         1433    i.HAL_GetTick       stm32f1xx_hal.o
    0x080027b8   0x00000010   Code   RO         1439    i.HAL_IncTick       stm32f1xx_hal.o
    0x080027c8   0x00000024   Code   RO         1440    i.HAL_Init          stm32f1xx_hal.o
    0x080027ec   0x00000074   Code   RO         1347    i.HAL_InitTick      stm32f1xx_hal_timebase_tim.o
    0x08002860   0x00000048   Code   RO         1323    i.HAL_MspInit       stm32f1xx_hal_msp.o
    0x080028a8   0x0000001a   Code   RO         1897    i.HAL_NVIC_EnableIRQ  stm32f1xx_hal_cortex.o
    0x080028c2   0x00000002   PAD
    0x080028c4   0x00000040   Code   RO         1903    i.HAL_NVIC_SetPriority  stm32f1xx_hal_cortex.o
    0x08002904   0x00000024   Code   RO         1904    i.HAL_NVIC_SetPriorityGrouping  stm32f1xx_hal_cortex.o
    0x08002928   0x0000012c   Code   RO         1597    i.HAL_RCC_ClockConfig  stm32f1xx_hal_rcc.o
    0x08002a54   0x00000040   Code   RO         1601    i.HAL_RCC_GetClockConfig  stm32f1xx_hal_rcc.o
    0x08002a94   0x00000020   Code   RO         1604    i.HAL_RCC_GetPCLK1Freq  stm32f1xx_hal_rcc.o
    0x08002ab4   0x00000020   Code   RO         1605    i.HAL_RCC_GetPCLK2Freq  stm32f1xx_hal_rcc.o
    0x08002ad4   0x0000006c   Code   RO         1606    i.HAL_RCC_GetSysClockFreq  stm32f1xx_hal_rcc.o
    0x08002b40   0x00000320   Code   RO         1609    i.HAL_RCC_OscConfig  stm32f1xx_hal_rcc.o
    0x08002e60   0x000000b2   Code   RO         2408    i.HAL_SPI_Init      stm32f1xx_hal_spi.o
    0x08002f12   0x00000002   PAD
    0x08002f14   0x00000080   Code   RO         1001    i.HAL_SPI_MspInit   spi.o
    0x08002f94   0x0000015a   Code   RO         2411    i.HAL_SPI_Receive   stm32f1xx_hal_spi.o
    0x080030ee   0x00000166   Code   RO         2416    i.HAL_SPI_Transmit  stm32f1xx_hal_spi.o
    0x08003254   0x000001e2   Code   RO         2417    i.HAL_SPI_TransmitReceive  stm32f1xx_hal_spi.o
    0x08003436   0x00000002   Code   RO         3425    i.HAL_TIMEx_BreakCallback  stm32f1xx_hal_tim_ex.o
    0x08003438   0x00000002   Code   RO         3426    i.HAL_TIMEx_CommutCallback  stm32f1xx_hal_tim_ex.o
    0x0800343a   0x00000002   PAD
    0x0800343c   0x0000007c   Code   RO         3444    i.HAL_TIMEx_MasterConfigSynchronization  stm32f1xx_hal_tim_ex.o
    0x080034b8   0x0000005a   Code   RO         2721    i.HAL_TIM_Base_Init  stm32f1xx_hal_tim.o
    0x08003512   0x00000002   PAD
    0x08003514   0x0000005c   Code   RO         1043    i.HAL_TIM_Base_MspInit  tim.o
    0x08003570   0x0000006c   Code   RO         2726    i.HAL_TIM_Base_Start_IT  stm32f1xx_hal_tim.o
    0x080035dc   0x000000d6   Code   RO         2730    i.HAL_TIM_ConfigClockSource  stm32f1xx_hal_tim.o
    0x080036b2   0x00000002   Code   RO         2755    i.HAL_TIM_IC_CaptureCallback  stm32f1xx_hal_tim.o
    0x080036b4   0x00000166   Code   RO         2769    i.HAL_TIM_IRQHandler  stm32f1xx_hal_tim.o
    0x0800381a   0x00000002   PAD
    0x0800381c   0x000000c4   Code   RO         1044    i.HAL_TIM_MspPostInit  tim.o
    0x080038e0   0x00000002   Code   RO         2772    i.HAL_TIM_OC_DelayElapsedCallback  stm32f1xx_hal_tim.o
    0x080038e2   0x000000c6   Code   RO         2793    i.HAL_TIM_PWM_ConfigChannel  stm32f1xx_hal_tim.o
    0x080039a8   0x0000005a   Code   RO         2796    i.HAL_TIM_PWM_Init  stm32f1xx_hal_tim.o
    0x08003a02   0x00000002   Code   RO         2798    i.HAL_TIM_PWM_MspInit  stm32f1xx_hal_tim.o
    0x08003a04   0x00000002   Code   RO         2799    i.HAL_TIM_PWM_PulseFinishedCallback  stm32f1xx_hal_tim.o
    0x08003a06   0x00000002   PAD
    0x08003a08   0x000000b4   Code   RO         2801    i.HAL_TIM_PWM_Start  stm32f1xx_hal_tim.o
    0x08003abc   0x00000014   Code   RO          779    i.HAL_TIM_PeriodElapsedCallback  main.o
    0x08003ad0   0x00000002   Code   RO         2812    i.HAL_TIM_TriggerCallback  stm32f1xx_hal_tim.o
    0x08003ad2   0x00000002   Code   RO         3713    i.HAL_UART_ErrorCallback  stm32f1xx_hal_uart.o
    0x08003ad4   0x0000015c   Code   RO         3716    i.HAL_UART_IRQHandler  stm32f1xx_hal_uart.o
    0x08003c30   0x00000062   Code   RO         3717    i.HAL_UART_Init     stm32f1xx_hal_uart.o
    0x08003c92   0x00000002   PAD
    0x08003c94   0x00000248   Code   RO         1104    i.HAL_UART_MspInit  usart.o
    0x08003edc   0x00000098   Code   RO         3721    i.HAL_UART_Receive_DMA  stm32f1xx_hal_uart.o
    0x08003f74   0x00000002   Code   RO         3723    i.HAL_UART_RxCpltCallback  stm32f1xx_hal_uart.o
    0x08003f76   0x00000002   Code   RO         3724    i.HAL_UART_RxHalfCpltCallback  stm32f1xx_hal_uart.o
    0x08003f78   0x00000080   Code   RO         3726    i.HAL_UART_Transmit_DMA  stm32f1xx_hal_uart.o
    0x08003ff8   0x00000002   Code   RO         3728    i.HAL_UART_TxCpltCallback  stm32f1xx_hal_uart.o
    0x08003ffa   0x00000002   Code   RO         3729    i.HAL_UART_TxHalfCpltCallback  stm32f1xx_hal_uart.o
    0x08003ffc   0x00000002   Code   RO         1213    i.HardFault_Handler  stm32f1xx_it.o
    0x08003ffe   0x0000005e   Code   RO          177    i.I2C_GetACK        i2c_sim.o
    0x0800405c   0x00000046   Code   RO          178    i.I2C_Init          i2c_sim.o
    0x080040a2   0x0000001e   Code   RO          181    i.I2C_SDA_IN        i2c_sim.o
    0x080040c0   0x00000024   Code   RO          182    i.I2C_SDA_OUT       i2c_sim.o
    0x080040e4   0x00000056   Code   RO          183    i.I2C_SendByte      i2c_sim.o
    0x0800413a   0x0000003a   Code   RO          184    i.I2C_Start         i2c_sim.o
    0x08004174   0x0000002e   Code   RO          185    i.I2C_Stop          i2c_sim.o
    0x080041a2   0x0000000e   Code   RO          186    i.I2C_StructInit    i2c_sim.o
    0x080041b0   0x00000054   Code   RO          746    i.KMP               kmp.o
    0x08004204   0x0000008c   Code   RO          976    i.MX_DMA_Init       dma.o
    0x08004290   0x00000068   Code   RO          861    i.MX_FREERTOS_Init  freertos.o
    0x080042f8   0x000000f0   Code   RO          837    i.MX_GPIO_Init      gpio.o
    0x080043e8   0x00000048   Code   RO         1002    i.MX_SPI1_Init      spi.o
    0x08004430   0x000000cc   Code   RO         1045    i.MX_TIM3_Init      tim.o
    0x080044fc   0x000000ac   Code   RO         1046    i.MX_TIM4_Init      tim.o
    0x080045a8   0x000000ac   Code   RO         1047    i.MX_TIM5_Init      tim.o
    0x08004654   0x00000038   Code   RO         1105    i.MX_UART4_Init     usart.o
    0x0800468c   0x00000064   Code   RO         1106    i.MX_USART1_UART_Init  usart.o
    0x080046f0   0x00000064   Code   RO         1107    i.MX_USART3_UART_Init  usart.o
    0x08004754   0x00000002   Code   RO         1214    i.MemManage_Handler  stm32f1xx_it.o
    0x08004756   0x00000002   Code   RO         1215    i.NMI_Handler       stm32f1xx_it.o
    0x08004758   0x0000002c   Code   RO          267    i.OLED_Clear        oled12864.o
    0x08004784   0x0000003c   Code   RO          270    i.OLED_DrawPoint    oled12864.o
    0x080047c0   0x0000003a   Code   RO          271    i.OLED_Fill         oled12864.o
    0x080047fa   0x00000002   PAD
    0x080047fc   0x00000020   Code   RO          272    i.OLED_Init         oled12864.o
    0x0800481c   0x00000040   Code   RO          273    i.OLED_Refresh_Gram  oled12864.o
    0x0800485c   0x00000040   Code   RO          275    i.OLED_Send         oled12864.o
    0x0800489c   0x000000b0   Code   RO          276    i.OLED_ShowChar     oled12864.o
    0x0800494c   0x0000005a   Code   RO          278    i.OLED_ShowString   oled12864.o
    0x080049a6   0x0000009c   Code   RO          279    i.OLED_Showicons    oled12864.o
    0x08004a42   0x00000002   PAD
    0x08004a44   0x00000010   Code   RO          280    i.OLED_send_cmd     oled12864.o
    0x08004a54   0x0000003e   Code   RO          282    i.OLED_send_datas   oled12864.o
    0x08004a92   0x00000002   PAD
    0x08004a94   0x00000298   Code   RO          407    i.Reconnect         esp8266.o
    0x08004d2c   0x0000005c   Code   RO         2445    i.SPI_EndRxTransaction  stm32f1xx_hal_spi.o
    0x08004d88   0x00000020   Code   RO         2446    i.SPI_EndRxTxTransaction  stm32f1xx_hal_spi.o
    0x08004da8   0x000000b8   Code   RO         2451    i.SPI_WaitFlagStateUntilTimeout  stm32f1xx_hal_spi.o
    0x08004e60   0x0000004c   Code   RO          862    i.StartDefaultTask  freertos.o
    0x08004eac   0x000003e8   Code   RO          863    i.StartTask02       freertos.o
    0x08005294   0x0000002c   Code   RO         5588    i.SysTick_Handler   port.o
    0x080052c0   0x0000005e   Code   RO          780    i.SystemClock_Config  main.o
    0x0800531e   0x00000002   PAD
    0x08005320   0x00000048   Code   RO         4014    i.SystemInit        system_stm32f1xx.o
    0x08005368   0x0000000c   Code   RO         1216    i.TIM6_IRQHandler   stm32f1xx_it.o
    0x08005374   0x0000008c   Code   RO         2814    i.TIM_Base_SetConfig  stm32f1xx_hal_tim.o
    0x08005400   0x0000001a   Code   RO         2815    i.TIM_CCxChannelCmd  stm32f1xx_hal_tim.o
    0x0800541a   0x00000014   Code   RO         2825    i.TIM_ETR_SetConfig  stm32f1xx_hal_tim.o
    0x0800542e   0x00000010   Code   RO         2826    i.TIM_ITRx_SetConfig  stm32f1xx_hal_tim.o
    0x0800543e   0x00000002   PAD
    0x08005440   0x00000060   Code   RO         2827    i.TIM_OC1_SetConfig  stm32f1xx_hal_tim.o
    0x080054a0   0x0000006c   Code   RO         2828    i.TIM_OC2_SetConfig  stm32f1xx_hal_tim.o
    0x0800550c   0x00000068   Code   RO         2829    i.TIM_OC3_SetConfig  stm32f1xx_hal_tim.o
    0x08005574   0x00000050   Code   RO         2830    i.TIM_OC4_SetConfig  stm32f1xx_hal_tim.o
    0x080055c4   0x00000022   Code   RO         2832    i.TIM_TI1_ConfigInputStage  stm32f1xx_hal_tim.o
    0x080055e6   0x00000024   Code   RO         2834    i.TIM_TI2_ConfigInputStage  stm32f1xx_hal_tim.o
    0x0800560a   0x00000002   PAD
    0x0800560c   0x00000104   Code   RO          864    i.ToggleLED1        freertos.o
    0x08005710   0x00000030   Code   RO         1108    i.UART3_Print       usart.o
    0x08005740   0x00000054   Code   RO         1217    i.UART4_IRQHandler  stm32f1xx_it.o
    0x08005794   0x00000010   Code   RO         3730    i.UART_DMAAbortOnError  stm32f1xx_hal_uart.o
    0x080057a4   0x0000004a   Code   RO         3731    i.UART_DMAError     stm32f1xx_hal_uart.o
    0x080057ee   0x0000003c   Code   RO         3732    i.UART_DMAReceiveCplt  stm32f1xx_hal_uart.o
    0x0800582a   0x0000000a   Code   RO         3734    i.UART_DMARxHalfCplt  stm32f1xx_hal_uart.o
    0x08005834   0x0000002e   Code   RO         3736    i.UART_DMATransmitCplt  stm32f1xx_hal_uart.o
    0x08005862   0x0000000a   Code   RO         3738    i.UART_DMATxHalfCplt  stm32f1xx_hal_uart.o
    0x0800586c   0x0000001c   Code   RO         3740    i.UART_EndRxTransfer  stm32f1xx_hal_uart.o
    0x08005888   0x00000012   Code   RO         3741    i.UART_EndTxTransfer  stm32f1xx_hal_uart.o
    0x0800589a   0x0000008c   Code   RO         3742    i.UART_Receive_IT   stm32f1xx_hal_uart.o
    0x08005926   0x00000002   PAD
    0x08005928   0x000000b8   Code   RO         3743    i.UART_SetConfig    stm32f1xx_hal_uart.o
    0x080059e0   0x00000060   Code   RO         1218    i.USART1_IRQHandler  stm32f1xx_it.o
    0x08005a40   0x00000060   Code   RO         1219    i.USART3_IRQHandler  stm32f1xx_it.o
    0x08005aa0   0x00000044   Code   RO         1109    i.Uart3_DMA_Sent    usart.o
    0x08005ae4   0x00000062   Code   RO         1111    i.Uart_Receive_Data  usart.o
    0x08005b46   0x00000002   Code   RO         1220    i.UsageFault_Handler  stm32f1xx_it.o
    0x08005b48   0x0000008c   Code   RO          550    i.W25qxx_EraseSector  w25qxx.o
    0x08005bd4   0x00000380   Code   RO          551    i.W25qxx_Init       w25qxx.o
    0x08005f54   0x00000050   Code   RO          560    i.W25qxx_ReadID     w25qxx.o
    0x08005fa4   0x000000ac   Code   RO          561    i.W25qxx_ReadPage   w25qxx.o
    0x08006050   0x00000064   Code   RO          562    i.W25qxx_ReadSector  w25qxx.o
    0x080060b4   0x00000074   Code   RO          563    i.W25qxx_ReadStatusRegister  w25qxx.o
    0x08006128   0x00000058   Code   RO          564    i.W25qxx_ReadUniqID  w25qxx.o
    0x08006180   0x00000014   Code   RO          566    i.W25qxx_SectorToPage  w25qxx.o
    0x08006194   0x00000020   Code   RO          567    i.W25qxx_Spi        w25qxx.o
    0x080061b4   0x00000050   Code   RO          568    i.W25qxx_WaitForWriteEnd  w25qxx.o
    0x08006204   0x00000030   Code   RO          572    i.W25qxx_WriteEnable  w25qxx.o
    0x08006234   0x000000b8   Code   RO          573    i.W25qxx_WritePage  w25qxx.o
    0x080062ec   0x00000064   Code   RO          574    i.W25qxx_WriteSector  w25qxx.o
    0x08006350   0x00000020   Code   RO         6531    i.__0printf         mc_w.l(printfa.o)
    0x08006370   0x00000028   Code   RO         6533    i.__0sprintf        mc_w.l(printfa.o)
    0x08006398   0x00000024   Code   RO         6537    i.__0vsprintf       mc_w.l(printfa.o)
    0x080063bc   0x00000020   Code   RO         1910    i.__NVIC_SetPriority  stm32f1xx_hal_cortex.o
    0x080063dc   0x00000008   Code   RO         6635    i.__aeabi_errno_addr  mc_w.l(errno.o)
    0x080063e4   0x0000005c   Code   RO         6563    i.__free$realloc    mc_w.l(mallocr.o)
    0x08006440   0x00000050   Code   RO         6564    i.__malloc$realloc  mc_w.l(mallocr.o)
    0x08006490   0x0000000e   Code   RO         6708    i.__scatterload_copy  mc_w.l(handlers.o)
    0x0800649e   0x00000002   Code   RO         6709    i.__scatterload_null  mc_w.l(handlers.o)
    0x080064a0   0x0000000e   Code   RO         6710    i.__scatterload_zeroinit  mc_w.l(handlers.o)
    0x080064ae   0x00000002   PAD
    0x080064b0   0x00000164   Code   RO         6538    i._fp_digits        mc_w.l(printfa.o)
    0x08006614   0x0000000e   Code   RO         6593    i._is_digit         mc_w.l(scanf_fp.o)
    0x08006622   0x00000002   PAD
    0x08006624   0x000006dc   Code   RO         6539    i._printf_core      mc_w.l(printfa.o)
    0x08006d00   0x00000024   Code   RO         6540    i._printf_post_padding  mc_w.l(printfa.o)
    0x08006d24   0x0000002e   Code   RO         6541    i._printf_pre_padding  mc_w.l(printfa.o)
    0x08006d52   0x0000000a   Code   RO         6543    i._sputc            mc_w.l(printfa.o)
    0x08006d5c   0x00000188   Code   RO          865    i.actGroupCtl       freertos.o
    0x08006ee4   0x00000030   Code   RO         5666    i.buffer_skip_whitespace  cjson.o
    0x08006f14   0x00000048   Code   RO         5698    i.cJSON_Delete      cjson.o
    0x08006f5c   0x0000000c   Code   RO         5707    i.cJSON_GetArrayItem  cjson.o
    0x08006f68   0x0000001a   Code   RO         5708    i.cJSON_GetArraySize  cjson.o
    0x08006f82   0x00000002   PAD
    0x08006f84   0x00000010   Code   RO         5709    i.cJSON_GetErrorPtr  cjson.o
    0x08006f94   0x00000048   Code   RO         5715    i.cJSON_InitHooks   cjson.o
    0x08006fdc   0x00000016   Code   RO         5728    i.cJSON_New_Item    cjson.o
    0x08006ff2   0x00000008   Code   RO         5729    i.cJSON_Parse       cjson.o
    0x08006ffa   0x00000002   PAD
    0x08006ffc   0x000000dc   Code   RO         5731    i.cJSON_ParseWithLengthOpts  cjson.o
    0x080070d8   0x00000022   Code   RO         5732    i.cJSON_ParseWithOpts  cjson.o
    0x080070fa   0x00000002   PAD
    0x080070fc   0x0000000c   Code   RO         5733    i.cJSON_Print       cjson.o
    0x08007108   0x0000000c   Code   RO         5744    i.cJSON_free        cjson.o
    0x08007114   0x000000a0   Code   RO          408    i.checkserver       esp8266.o
    0x080071b4   0x00000058   Code   RO         5747    i.compare_double    cjson.o
    0x0800720c   0x00000244   Code   RO           13    i.demo_group        servo.o
    0x08007450   0x00000068   Code   RO         4608    i.eTaskGetState     tasks.o
    0x080074b8   0x0000008a   Code   RO         5749    i.ensure            cjson.o
    0x08007542   0x00000002   PAD
    0x08007544   0x00000018   Code   RO         1113    i.fputc             usart.o
    0x0800755c   0x00000016   Code   RO         5750    i.get_array_item    cjson.o
    0x08007572   0x00000002   PAD
    0x08007574   0x00000050   Code   RO         6565    i.internal_alloc    mc_w.l(mallocr.o)
    0x080075c4   0x00000060   Code   RO          781    i.main              main.o
    0x08007624   0x00000034   Code   RO         5114    i.osDelay           cmsis_os2.o
    0x08007658   0x00000058   Code   RO         5116    i.osEventFlagsClear  cmsis_os2.o
    0x080076b0   0x00000030   Code   RO         5118    i.osEventFlagsGet   cmsis_os2.o
    0x080076e0   0x00000044   Code   RO         5119    i.osEventFlagsNew   cmsis_os2.o
    0x08007724   0x0000006c   Code   RO         5120    i.osEventFlagsSet   cmsis_os2.o
    0x08007790   0x0000007c   Code   RO         5121    i.osEventFlagsWait  cmsis_os2.o
    0x0800780c   0x00000038   Code   RO         5128    i.osKernelInitialize  cmsis_os2.o
    0x08007844   0x00000040   Code   RO         5131    i.osKernelStart     cmsis_os2.o
    0x08007884   0x00000080   Code   RO         5145    i.osMutexNew        cmsis_os2.o
    0x08007904   0x00000074   Code   RO         5147    i.osSemaphoreAcquire  cmsis_os2.o
    0x08007978   0x000000b0   Code   RO         5150    i.osSemaphoreNew    cmsis_os2.o
    0x08007a28   0x0000006c   Code   RO         5151    i.osSemaphoreRelease  cmsis_os2.o
    0x08007a94   0x00000028   Code   RO         5158    i.osThreadGetCount  cmsis_os2.o
    0x08007abc   0x00000028   Code   RO         5160    i.osThreadGetName   cmsis_os2.o
    0x08007ae4   0x0000004c   Code   RO         5164    i.osThreadGetState  cmsis_os2.o
    0x08007b30   0x000000a4   Code   RO         5165    i.osThreadNew       cmsis_os2.o
    0x08007bd4   0x00000038   Code   RO         5166    i.osThreadResume    cmsis_os2.o
    0x08007c0c   0x00000038   Code   RO         5168    i.osThreadSuspend   cmsis_os2.o
    0x08007c44   0x000000d0   Code   RO         5753    i.parse_array       cjson.o
    0x08007d14   0x00000040   Code   RO         5754    i.parse_hex4        cjson.o
    0x08007d54   0x000000f0   Code   RO         5755    i.parse_number      cjson.o
    0x08007e44   0x0000010a   Code   RO         5756    i.parse_object      cjson.o
    0x08007f4e   0x00000002   PAD
    0x08007f50   0x00000118   Code   RO         5757    i.parse_string      cjson.o
    0x08008068   0x000000fc   Code   RO         5758    i.parse_value       cjson.o
    0x08008164   0x00000020   Code   RO         4609    i.pcTaskGetName     tasks.o
    0x08008184   0x00000098   Code   RO         5759    i.print             cjson.o
    0x0800821c   0x00000096   Code   RO         5760    i.print_array       cjson.o
    0x080082b2   0x00000002   PAD
    0x080082b4   0x000000f0   Code   RO         5761    i.print_number      cjson.o
    0x080083a4   0x00000140   Code   RO         5762    i.print_object      cjson.o
    0x080084e4   0x00000110   Code   RO         5763    i.print_string_ptr  cjson.o
    0x080085f4   0x000000d0   Code   RO         5764    i.print_value       cjson.o
    0x080086c4   0x0000005c   Code   RO         4610    i.prvAddCurrentTaskToDelayedList  tasks.o
    0x08008720   0x000000d0   Code   RO         4611    i.prvAddNewTaskToReadyList  tasks.o
    0x080087f0   0x00000058   Code   RO         4960    i.prvCheckForValidListAndQueue  timers.o
    0x08008848   0x00000026   Code   RO         4219    i.prvCopyDataFromQueue  queue.o
    0x0800886e   0x0000006c   Code   RO         4220    i.prvCopyDataToQueue  queue.o
    0x080088da   0x00000034   Code   RO         4612    i.prvDeleteTCB      tasks.o
    0x0800890e   0x00000002   PAD
    0x08008910   0x0000004c   Code   RO         5538    i.prvHeapInit       heap_4.o
    0x0800895c   0x00000060   Code   RO         4613    i.prvIdleTask       tasks.o
    0x080089bc   0x00000016   Code   RO         4221    i.prvInitialiseMutex  queue.o
    0x080089d2   0x00000002   PAD
    0x080089d4   0x00000022   Code   RO         4222    i.prvInitialiseNewQueue  queue.o
    0x080089f6   0x0000009c   Code   RO         4614    i.prvInitialiseNewTask  tasks.o
    0x08008a92   0x00000002   PAD
    0x08008a94   0x0000004c   Code   RO         5539    i.prvInsertBlockIntoFreeList  heap_4.o
    0x08008ae0   0x00000038   Code   RO         4962    i.prvInsertTimerInActiveList  timers.o
    0x08008b18   0x0000001c   Code   RO         4223    i.prvIsQueueEmpty   queue.o
    0x08008b34   0x000000cc   Code   RO         4963    i.prvProcessReceivedCommands  timers.o
    0x08008c00   0x000000b4   Code   RO         4964    i.prvProcessTimerOrBlockTask  timers.o
    0x08008cb4   0x00000020   Code   RO         4616    i.prvResetNextTaskUnblockTime  tasks.o
    0x08008cd4   0x00000028   Code   RO         4965    i.prvSampleTimeNow  timers.o
    0x08008cfc   0x0000006c   Code   RO         4966    i.prvSwitchTimerLists  timers.o
    0x08008d68   0x00000014   Code   RO         4617    i.prvTaskCheckFreeStackSpace  tasks.o
    0x08008d7c   0x00000028   Code   RO         5589    i.prvTaskExitError  port.o
    0x08008da4   0x00000034   Code   RO         4618    i.prvTaskIsTaskSuspended  tasks.o
    0x08008dd8   0x00000014   Code   RO         4057    i.prvTestWaitCondition  event_groups.o
    0x08008dec   0x00000024   Code   RO         4967    i.prvTimerTask      timers.o
    0x08008e10   0x0000006a   Code   RO         4224    i.prvUnlockQueue    queue.o
    0x08008e7a   0x00000002   PAD
    0x08008e7c   0x000000d8   Code   RO         5540    i.pvPortMalloc      heap_4.o
    0x08008f54   0x00000018   Code   RO         4619    i.pvTaskIncrementMutexHeldCount  tasks.o
    0x08008f6c   0x00000024   Code   RO         5590    i.pxPortInitialiseStack  port.o
    0x08008f90   0x0000006c   Code   RO         6566    i.realloc           mc_w.l(mallocr.o)
    0x08008ffc   0x00000090   Code   RO          866    i.setServo0         freertos.o
    0x0800908c   0x00000080   Code   RO          867    i.setServo1         freertos.o
    0x0800910c   0x00000080   Code   RO          868    i.setServo2         freertos.o
    0x0800918c   0x00000080   Code   RO          869    i.setServo3         freertos.o
    0x0800920c   0x00000080   Code   RO          870    i.setServo4         freertos.o
    0x0800928c   0x00000080   Code   RO          871    i.setServo5         freertos.o
    0x0800930c   0x0000001c   Code   RO         6270    i.strtod            m_ws.l(strtod.o)
    0x08009328   0x0000010c   Code   RO          872    i.task20            freertos.o
    0x08009434   0x0000001c   Code   RO         5766    i.update_offset     cjson.o
    0x08009450   0x000000d2   Code   RO         5767    i.utf16_literal_to_utf8  cjson.o
    0x08009522   0x00000026   Code   RO         4179    i.uxListRemove      list.o
    0x08009548   0x0000000c   Code   RO         4621    i.uxTaskGetNumberOfTasks  tasks.o
    0x08009554   0x00000010   Code   RO         4622    i.uxTaskGetStackHighWaterMark  tasks.o
    0x08009564   0x00000018   Code   RO         4627    i.uxTaskResetEventItemValue  tasks.o
    0x0800957c   0x00000014   Code   RO         5177    i.vApplicationGetIdleTaskMemory  cmsis_os2.o
    0x08009590   0x00000018   Code   RO         5178    i.vApplicationGetTimerTaskMemory  cmsis_os2.o
    0x080095a8   0x00000002   Code   RO          873    i.vApplicationTickHook  freertos.o
    0x080095aa   0x00000004   Code   RO         4059    i.vEventGroupClearBitsCallback  event_groups.o
    0x080095ae   0x00000004   Code   RO         4061    i.vEventGroupSetBitsCallback  event_groups.o
    0x080095b2   0x00000016   Code   RO         4180    i.vListInitialise   list.o
    0x080095c8   0x00000006   Code   RO         4181    i.vListInitialiseItem  list.o
    0x080095ce   0x00000030   Code   RO         4182    i.vListInsert       list.o
    0x080095fe   0x00000018   Code   RO         4183    i.vListInsertEnd    list.o
    0x08009616   0x00000002   PAD
    0x08009618   0x00000040   Code   RO         5592    i.vPortEnterCritical  port.o
    0x08009658   0x00000028   Code   RO         5593    i.vPortExitCritical  port.o
    0x08009680   0x0000005c   Code   RO         5541    i.vPortFree         heap_4.o
    0x080096dc   0x00000024   Code   RO         5594    i.vPortSetupTimerInterrupt  port.o
    0x08009700   0x00000054   Code   RO         5595    i.vPortValidateInterruptPriority  port.o
    0x08009754   0x00000028   Code   RO         4230    i.vQueueAddToRegistry  queue.o
    0x0800977c   0x0000002e   Code   RO         4231    i.vQueueDelete      queue.o
    0x080097aa   0x00000002   PAD
    0x080097ac   0x00000028   Code   RO         4233    i.vQueueUnregisterQueue  queue.o
    0x080097d4   0x00000044   Code   RO         4234    i.vQueueWaitForMessageRestricted  queue.o
    0x08009818   0x0000004c   Code   RO         4628    i.vTaskDelay        tasks.o
    0x08009864   0x00000090   Code   RO         4630    i.vTaskDelete       tasks.o
    0x080098f4   0x00000010   Code   RO         4633    i.vTaskInternalSetTimeOutState  tasks.o
    0x08009904   0x0000000c   Code   RO         4634    i.vTaskMissedYield  tasks.o
    0x08009910   0x00000030   Code   RO         4636    i.vTaskPlaceOnEventList  tasks.o
    0x08009940   0x00000038   Code   RO         4637    i.vTaskPlaceOnEventListRestricted  tasks.o
    0x08009978   0x00000050   Code   RO         4638    i.vTaskPlaceOnUnorderedEventList  tasks.o
    0x080099c8   0x00000090   Code   RO         4639    i.vTaskPriorityDisinheritAfterTimeout  tasks.o
    0x08009a58   0x00000070   Code   RO         4641    i.vTaskRemoveFromUnorderedEventList  tasks.o
    0x08009ac8   0x0000007c   Code   RO         4642    i.vTaskResume       tasks.o
    0x08009b44   0x00000088   Code   RO         4645    i.vTaskStartScheduler  tasks.o
    0x08009bcc   0x0000009c   Code   RO         4646    i.vTaskSuspend      tasks.o
    0x08009c68   0x00000010   Code   RO         4647    i.vTaskSuspendAll   tasks.o
    0x08009c78   0x00000064   Code   RO         4648    i.vTaskSwitchContext  tasks.o
    0x08009cdc   0x00000040   Code   RO         4063    i.xEventGroupClearBits  event_groups.o
    0x08009d1c   0x00000010   Code   RO         4064    i.xEventGroupClearBitsFromISR  event_groups.o
    0x08009d2c   0x0000001c   Code   RO         4065    i.xEventGroupCreate  event_groups.o
    0x08009d48   0x0000002c   Code   RO         4066    i.xEventGroupCreateStatic  event_groups.o
    0x08009d74   0x0000001a   Code   RO         4067    i.xEventGroupGetBitsFromISR  event_groups.o
    0x08009d8e   0x0000008c   Code   RO         4068    i.xEventGroupSetBits  event_groups.o
    0x08009e1a   0x00000002   PAD
    0x08009e1c   0x00000010   Code   RO         4069    i.xEventGroupSetBitsFromISR  event_groups.o
    0x08009e2c   0x00000108   Code   RO         4071    i.xEventGroupWaitBits  event_groups.o
    0x08009f34   0x0000000c   Code   RO         5543    i.xPortGetFreeHeapSize  heap_4.o
    0x08009f40   0x000000a8   Code   RO         5596    i.xPortStartScheduler  port.o
    0x08009fe8   0x0000003a   Code   RO         4235    i.xQueueCreateCountingSemaphore  queue.o
    0x0800a022   0x00000040   Code   RO         4236    i.xQueueCreateCountingSemaphoreStatic  queue.o
    0x0800a062   0x00000016   Code   RO         4237    i.xQueueCreateMutex  queue.o
    0x0800a078   0x0000001a   Code   RO         4238    i.xQueueCreateMutexStatic  queue.o
    0x0800a092   0x00000048   Code   RO         4239    i.xQueueGenericCreate  queue.o
    0x0800a0da   0x00000066   Code   RO         4240    i.xQueueGenericCreateStatic  queue.o
    0x0800a140   0x00000088   Code   RO         4241    i.xQueueGenericReset  queue.o
    0x0800a1c8   0x00000160   Code   RO         4242    i.xQueueGenericSend  queue.o
    0x0800a328   0x000000bc   Code   RO         4243    i.xQueueGenericSendFromISR  queue.o
    0x0800a3e4   0x0000009c   Code   RO         4246    i.xQueueGiveFromISR  queue.o
    0x0800a480   0x00000138   Code   RO         4252    i.xQueueReceive     queue.o
    0x0800a5b8   0x0000009a   Code   RO         4253    i.xQueueReceiveFromISR  queue.o
    0x0800a652   0x00000002   PAD
    0x0800a654   0x00000178   Code   RO         4254    i.xQueueSemaphoreTake  queue.o
    0x0800a7cc   0x00000074   Code   RO         4649    i.xTaskCheckForTimeOut  tasks.o
    0x0800a840   0x0000005a   Code   RO         4650    i.xTaskCreate       tasks.o
    0x0800a89a   0x00000056   Code   RO         4651    i.xTaskCreateStatic  tasks.o
    0x0800a8f0   0x0000001c   Code   RO         4655    i.xTaskGetSchedulerState  tasks.o
    0x0800a90c   0x0000000c   Code   RO         4656    i.xTaskGetTickCount  tasks.o
    0x0800a918   0x000000d0   Code   RO         4658    i.xTaskIncrementTick  tasks.o
    0x0800a9e8   0x00000080   Code   RO         4661    i.xTaskPriorityDisinherit  tasks.o
    0x0800aa68   0x00000078   Code   RO         4662    i.xTaskPriorityInherit  tasks.o
    0x0800aae0   0x00000070   Code   RO         4663    i.xTaskRemoveFromEventList  tasks.o
    0x0800ab50   0x000000c4   Code   RO         4664    i.xTaskResumeAll    tasks.o
    0x0800ac14   0x00000060   Code   RO         4974    i.xTimerCreateTimerTask  timers.o
    0x0800ac74   0x00000068   Code   RO         4975    i.xTimerGenericCommand  timers.o
    0x0800acdc   0x00000028   Code   RO         4981    i.xTimerPendFunctionCallFromISR  timers.o
    0x0800ad04   0x000017d9   Data   RO          286    .constdata          oled12864.o
    0x0800c4dd   0x00000200   Data   RO          456    .constdata          oledicons.o
    0x0800c6dd   0x00000200   Data   RO          457    .constdata          oledicons.o
    0x0800c8dd   0x00000020   Data   RO          459    .constdata          oledicons.o
    0x0800c8fd   0x00000120   Data   RO          460    .constdata          oledicons.o
    0x0800ca1d   0x00000003   PAD
    0x0800ca20   0x000001bc   Data   RO          875    .constdata          freertos.o
    0x0800cbdc   0x00000024   Data   RO          876    .constdata          freertos.o
    0x0800cc00   0x00000010   Data   RO         4015    .constdata          system_stm32f1xx.o
    0x0800cc10   0x00000008   Data   RO         4016    .constdata          system_stm32f1xx.o
    0x0800cc18   0x00000081   Data   RO         6670    .constdata          mc_w.l(ctype_o.o)
    0x0800cc99   0x00000003   PAD
    0x0800cc9c   0x00000004   Data   RO         6671    .constdata          mc_w.l(ctype_o.o)
    0x0800cca0   0x000000c3   Data   RO          877    .conststring        freertos.o
    0x0800cd63   0x00000001   PAD
    0x0800cd64   0x00000010   Data   RO          878    .conststring        freertos.o
    0x0800cd74   0x00000020   Data   RO         6706    Region$$Table       anon$$obj.o


    Execution Region RW_IRAM1 (Base: 0x20000000, Size: 0x00009e80, Max: 0x0000c000, ABSOLUTE)

    Base Addr    Size         Type   Attr      Idx    E Section Name        Object

    0x20000000   0x00000007   Data   RW          287    .data               oled12864.o
    0x20000007   0x00000001   PAD
    0x20000008   0x00000040   Data   RW          879    .data               freertos.o
    0x20000048   0x00000004   Data   RW          880    .data               freertos.o
    0x2000004c   0x00000004   Data   RW         1115    .data               usart.o
    0x20000050   0x0000000c   Data   RW         1447    .data               stm32f1xx_hal.o
    0x2000005c   0x00000004   Data   RW         4017    .data               system_stm32f1xx.o
    0x20000060   0x0000003c   Data   RW         4667    .data               tasks.o
    0x2000009c   0x00000014   Data   RW         4983    .data               timers.o
    0x200000b0   0x00000004   Data   RW         5181    .data               cmsis_os2.o
    0x200000b4   0x00000018   Data   RW         5546    .data               heap_4.o
    0x200000cc   0x0000000c   Data   RW         5597    .data               port.o
    0x200000d8   0x00000014   Data   RW         5769    .data               cjson.o
    0x200000ec   0x00000004   Data   RW         6633    .data               mc_w.l(mvars.o)
    0x200000f0   0x00000004   Data   RW         6634    .data               mc_w.l(mvars.o)
    0x200000f4   0x00000004   Data   RW         6638    .data               mc_w.l(errno.o)
    0x200000f8   0x00000028   Zero   RW           14    .bss                servo.o
    0x20000120   0x0000040a   Zero   RW          285    .bss                oled12864.o
    0x2000052a   0x00000002   PAD
    0x2000052c   0x00000028   Zero   RW          576    .bss                w25qxx.o
    0x20000554   0x00000010   Zero   RW          782    .bss                main.o
    0x20000564   0x0000085c   Zero   RW          874    .bss                freertos.o
    0x20000dc0   0x00000058   Zero   RW         1003    .bss                spi.o
    0x20000e18   0x000000d8   Zero   RW         1048    .bss                tim.o
    0x20000ef0   0x00002670   Zero   RW         1114    .bss                usart.o
    0x20003560   0x00000048   Zero   RW         1350    .bss                stm32f1xx_hal_timebase_tim.o
    0x200035a8   0x00000040   Zero   RW         4256    .bss                queue.o
    0x200035e8   0x000004c4   Zero   RW         4666    .bss                tasks.o
    0x20003aac   0x00000118   Zero   RW         4982    .bss                timers.o
    0x20003bc4   0x000006b8   Zero   RW         5180    .bss                cmsis_os2.o
    0x2000427c   0x00004000   Zero   RW         5545    .bss                heap_4.o
    0x2000827c   0x00000004   PAD
    0x20008280   0x00000c00   Zero   RW            2    HEAP                startup_stm32f103xe.o
    0x20008e80   0x00001000   Zero   RW            1    STACK               startup_stm32f103xe.o


==============================================================================

Image component sizes


      Code (inc. data)   RO Data    RW Data    ZI Data      Debug   Object Name

      3692        170          0         20          0      27537   cjson.o
      1612        120          0          4       1720      24798   cmsis_os2.o
      1996        600          0          0          0       8837   community.o
       140          4          0          0          0        794   dma.o
      2052        758          0          0          0       6341   esp8266.o
       626         12          0          0          0      29870   event_groups.o
      2886        596        691         68       2140      11821   freertos.o
       240         20          0          0          0        955   gpio.o
       472         30          0         24      16384       4842   heap_4.o
       434          0          0          0          0       4315   i2c_sim.o
       146          0          0          0          0       1460   kmp.o
       138          0          0          0          0       3086   list.o
       214         14          0          0         16       2651   main.o
       822         42       6105          7       1034       7837   oled12864.o
         0          0       1344          0          0        967   oledicons.o
       662         70          0         12          0      10497   port.o
      2548         28          0          0         64      24182   queue.o
       580         32          0          0         40     501921   servo.o
       200         26          0          0         88       1577   spi.o
        36          8        304          0       7168        784   startup_stm32f103xe.o
        64         14          0         12          0       5126   stm32f1xx_hal.o
       158         14          0          0          0      27746   stm32f1xx_hal_cortex.o
      1166         52          0          0          0       3882   stm32f1xx_hal_dma.o
       540         42          0          0          0       3592   stm32f1xx_hal_gpio.o
        72         10          0          0          0        830   stm32f1xx_hal_msp.o
      1336        110          0          0          0       5377   stm32f1xx_hal_rcc.o
      1672          4          0          0          0       6346   stm32f1xx_hal_spi.o
      1908         96          0          0          0      14566   stm32f1xx_hal_tim.o
       128         20          0          0          0       2237   stm32f1xx_hal_tim_ex.o
       116         16          0          0         72       1339   stm32f1xx_hal_timebase_tim.o
      1322         38          0          0          0      11574   stm32f1xx_hal_uart.o
       372         88          0          0          0       7996   stm32f1xx_it.o
         0          0          0          0          0       8480   stream_buffer.o
        72         16         24          4          0       1123   system_stm32f1xx.o
      3236        278          0         60       1220      31680   tasks.o
       836         76          0          0        216       3826   tim.o
       952         88          0         20        280      25703   timers.o
      1122        124          0          4       9840       8404   usart.o
      2056        654          0          0         40       9320   w25qxx.o

    ----------------------------------------------------------------------
     36688       4270       8504        236      40328     854219   Object Totals
         0          0         32          0          0          0   (incl. Generated)
        64          0          4          1          6          0   (incl. Padding)

    ----------------------------------------------------------------------

      Code (inc. data)   RO Data    RW Data    ZI Data      Debug   Library Member Name

        28          0          0          0          0         80   strtod.o
        56          8          0          0          0         84   __0sscanf.o
        28          0          0          0          0         68   _chval.o
       812          4          0          0          0        112   _scanf.o
       332          0          0          0          0         96   _scanf_int.o
        64          0          0          0          0         84   _sgetc.o
       158          0          0          0          0         92   _strtoul.o
        26          0          0          0          0         80   atoi.o
         8          4        133          0          0         68   ctype_o.o
         0          0          0          0          0          0   entry.o
         0          0          0          0          0          0   entry10a.o
         0          0          0          0          0          0   entry11a.o
         8          4          0          0          0          0   entry2.o
         4          0          0          0          0          0   entry5.o
         0          0          0          0          0          0   entry7b.o
         0          0          0          0          0          0   entry8b.o
         8          4          0          0          0          0   entry9a.o
         8          4          0          4          0         68   errno.o
        30          0          0          0          0          0   handlers.o
        36          8          0          0          0         68   init.o
        18          0          0          0          0         76   isspace_o.o
         0          0          0          0          0          0   iusefp.o
        30          0          0          0          0         68   llshl.o
        36          0          0          0          0         68   llsshr.o
        32          0          0          0          0         68   llushr.o
       360         30          0          0          0        356   mallocr.o
        36          0          0          0          0         68   memcpya.o
        36          0          0          0          0        108   memseta.o
         0          0          0          8          0          0   mvars.o
      2312        102          0          0          0        676   printfa.o
        40          8          0          0          0         84   scanf_char.o
       838         12          0          0          0        216   scanf_fp.o
        28          0          0          0          0         76   strcmp.o
        18          0          0          0          0         68   strcpy.o
        14          0          0          0          0         68   strlen.o
        30          0          0          0          0         80   strncmp.o
        36          0          0          0          0         80   strstr.o
       156         14          0          0          0        120   strtod.o
       112          0          0          0          0         88   strtol.o
        44          0          0          0          0         80   uidiv.o
        98          0          0          0          0         92   uldiv.o
        48          0          0          0          0         68   cdcmple.o
        48          0          0          0          0         68   cdrcmple.o
        56          0          0          0          0         88   d2f.o
       334          0          0          0          0        148   dadd.o
       222          0          0          0          0        100   ddiv.o
       186          0          0          0          0        176   depilogue.o
        62          0          0          0          0         80   dfixi.o
        48          0          0          0          0         68   dfixul.o
        24          0          0          0          0         76   dfltul.o
       228          0          0          0          0         96   dmul.o
        46          0          0          0          0         80   dscalb.o
       110          0          0          0          0        168   fepilogue.o

    ----------------------------------------------------------------------
      7300        202        136         12          0       4656   Library Totals
         8          0          3          0          0          0   (incl. Padding)

    ----------------------------------------------------------------------

      Code (inc. data)   RO Data    RW Data    ZI Data      Debug   Library Name

        28          0          0          0          0         80   m_ws.l
      5852        202        133         12          0       3360   mc_w.l
      1412          0          0          0          0       1216   mf_w.l

    ----------------------------------------------------------------------
      7300        202        136         12          0       4656   Library Totals

    ----------------------------------------------------------------------

==============================================================================


      Code (inc. data)   RO Data    RW Data    ZI Data      Debug   

     43988       4472       8640        248      40328     840099   Grand Totals
     43988       4472       8640        248      40328     840099   ELF Image Totals
     43988       4472       8640        248          0          0   ROM Totals

==============================================================================

    Total RO  Size (Code + RO Data)                52628 (  51.39kB)
    Total RW  Size (RW Data + ZI Data)             40576 (  39.63kB)
    Total ROM Size (Code + RO Data + RW Data)      52876 (  51.64kB)

==============================================================================

